Archive member included because of file (symbol)

/Applications/Simplicity Studio.app/Contents/Eclipse/developer/toolchains/gnu_arm/4.8_2013q4/bin/../lib/gcc/arm-none-eabi/4.8.3/armv7-m/libgcc.a(_arm_addsubdf3.o)
                              ./src/main.o (__aeabi_i2d)
/Applications/Simplicity Studio.app/Contents/Eclipse/developer/toolchains/gnu_arm/4.8_2013q4/bin/../lib/gcc/arm-none-eabi/4.8.3/armv7-m/libgcc.a(_arm_muldivdf3.o)
                              ./src/main.o (__aeabi_dmul)
/Applications/Simplicity Studio.app/Contents/Eclipse/developer/toolchains/gnu_arm/4.8_2013q4/bin/../lib/gcc/arm-none-eabi/4.8.3/armv7-m/libgcc.a(_arm_fixdfsi.o)
                              ./src/main.o (__aeabi_d2iz)
/Applications/Simplicity Studio.app/Contents/Eclipse/developer/toolchains/gnu_arm/4.8_2013q4/bin/../lib/gcc/arm-none-eabi/4.8.3/armv7-m/libgcc.a(_arm_addsubsf3.o)
                              ./src/main.o (__aeabi_fadd)
/Applications/Simplicity Studio.app/Contents/Eclipse/developer/toolchains/gnu_arm/4.8_2013q4/bin/../lib/gcc/arm-none-eabi/4.8.3/armv7-m/libgcc.a(_arm_muldivsf3.o)
                              ./src/main.o (__aeabi_fmul)
/Applications/Simplicity Studio.app/Contents/Eclipse/developer/toolchains/gnu_arm/4.8_2013q4/bin/../lib/gcc/arm-none-eabi/4.8.3/armv7-m/libgcc.a(_arm_fixsfsi.o)
                              ./src/main.o (__aeabi_f2iz)
/Applications/Simplicity Studio.app/Contents/Eclipse/developer/toolchains/gnu_arm/4.8_2013q4/bin/../lib/gcc/arm-none-eabi/4.8.3/armv7-m/libgcc.a(_aeabi_uldivmod.o)
                              ./emlib/em_usart.o (__aeabi_uldivmod)
/Applications/Simplicity Studio.app/Contents/Eclipse/developer/toolchains/gnu_arm/4.8_2013q4/bin/../lib/gcc/arm-none-eabi/4.8.3/armv7-m/libgcc.a(bpabi.o)
                              /Applications/Simplicity Studio.app/Contents/Eclipse/developer/toolchains/gnu_arm/4.8_2013q4/bin/../lib/gcc/arm-none-eabi/4.8.3/armv7-m/libgcc.a(_aeabi_uldivmod.o) (__gnu_uldivmod_helper)
/Applications/Simplicity Studio.app/Contents/Eclipse/developer/toolchains/gnu_arm/4.8_2013q4/bin/../lib/gcc/arm-none-eabi/4.8.3/armv7-m/libgcc.a(_dvmd_tls.o)
                              /Applications/Simplicity Studio.app/Contents/Eclipse/developer/toolchains/gnu_arm/4.8_2013q4/bin/../lib/gcc/arm-none-eabi/4.8.3/armv7-m/libgcc.a(_aeabi_uldivmod.o) (__aeabi_ldiv0)
/Applications/Simplicity Studio.app/Contents/Eclipse/developer/toolchains/gnu_arm/4.8_2013q4/bin/../lib/gcc/arm-none-eabi/4.8.3/armv7-m/libgcc.a(_divdi3.o)
                              /Applications/Simplicity Studio.app/Contents/Eclipse/developer/toolchains/gnu_arm/4.8_2013q4/bin/../lib/gcc/arm-none-eabi/4.8.3/armv7-m/libgcc.a(bpabi.o) (__divdi3)
/Applications/Simplicity Studio.app/Contents/Eclipse/developer/toolchains/gnu_arm/4.8_2013q4/bin/../lib/gcc/arm-none-eabi/4.8.3/armv7-m/libgcc.a(_udivdi3.o)
                              /Applications/Simplicity Studio.app/Contents/Eclipse/developer/toolchains/gnu_arm/4.8_2013q4/bin/../lib/gcc/arm-none-eabi/4.8.3/armv7-m/libgcc.a(bpabi.o) (__udivdi3)
/Applications/Simplicity Studio.app/Contents/Eclipse/developer/toolchains/gnu_arm/4.8_2013q4/bin/../lib/gcc/arm-none-eabi/4.8.3/../../../../arm-none-eabi/lib/armv7-m/libc_s.a(lib_a-exit.o)
                              /Applications/Simplicity Studio.app/Contents/Eclipse/developer/toolchains/gnu_arm/4.8_2013q4/bin/../lib/gcc/arm-none-eabi/4.8.3/../../../../arm-none-eabi/lib/armv7-m/crt0.o (exit)
/Applications/Simplicity Studio.app/Contents/Eclipse/developer/toolchains/gnu_arm/4.8_2013q4/bin/../lib/gcc/arm-none-eabi/4.8.3/../../../../arm-none-eabi/lib/armv7-m/libc_s.a(lib_a-impure.o)
                              /Applications/Simplicity Studio.app/Contents/Eclipse/developer/toolchains/gnu_arm/4.8_2013q4/bin/../lib/gcc/arm-none-eabi/4.8.3/../../../../arm-none-eabi/lib/armv7-m/libc_s.a(lib_a-exit.o) (_global_impure_ptr)
/Applications/Simplicity Studio.app/Contents/Eclipse/developer/toolchains/gnu_arm/4.8_2013q4/bin/../lib/gcc/arm-none-eabi/4.8.3/../../../../arm-none-eabi/lib/armv7-m/libc_s.a(lib_a-init.o)
                              /Applications/Simplicity Studio.app/Contents/Eclipse/developer/toolchains/gnu_arm/4.8_2013q4/bin/../lib/gcc/arm-none-eabi/4.8.3/../../../../arm-none-eabi/lib/armv7-m/crt0.o (__libc_init_array)
/Applications/Simplicity Studio.app/Contents/Eclipse/developer/toolchains/gnu_arm/4.8_2013q4/bin/../lib/gcc/arm-none-eabi/4.8.3/../../../../arm-none-eabi/lib/armv7-m/libc_s.a(lib_a-memset.o)
                              /Applications/Simplicity Studio.app/Contents/Eclipse/developer/toolchains/gnu_arm/4.8_2013q4/bin/../lib/gcc/arm-none-eabi/4.8.3/../../../../arm-none-eabi/lib/armv7-m/crt0.o (memset)
/Applications/Simplicity Studio.app/Contents/Eclipse/developer/toolchains/gnu_arm/4.8_2013q4/bin/../lib/gcc/arm-none-eabi/4.8.3/../../../../arm-none-eabi/lib/armv7-m/libnosys.a(_exit.o)
[...]
Memory Configuration

Name             Origin             Length             Attributes
FLASH            0x0000000000000000 0x0000000000040000 xr
RAM              0x0000000020000000 0x0000000000008000 xrw
*default*        0x0000000000000000 0xffffffffffffffff

Linker script and memory map

LOAD /Applications/Simplicity Studio.app/Contents/Eclipse/developer/toolchains/gnu_arm/4.8_2013q4/bin/../lib/gcc/arm-none-eabi/4.8.3/armv7-m/crti.o
LOAD /Applications/Simplicity Studio.app/Contents/Eclipse/developer/toolchains/gnu_arm/4.8_2013q4/bin/../lib/gcc/arm-none-eabi/4.8.3/armv7-m/crtbegin.o
LOAD /Applications/Simplicity Studio.app/Contents/Eclipse/developer/toolchains/gnu_arm/4.8_2013q4/bin/../lib/gcc/arm-none-eabi/4.8.3/../../../../arm-none-eabi/lib/armv7-m/crt0.o
LOAD ./CMSIS/EFM32LG/startup_efm32lg.o
LOAD ./CMSIS/EFM32LG/system_efm32lg.o
LOAD ./emlib/em_acmp.o
LOAD ./emlib/em_adc.o
LOAD ./emlib/em_aes.o
LOAD ./emlib/em_assert.o
LOAD ./emlib/em_burtc.o
LOAD ./emlib/em_cmu.o
LOAD ./emlib/em_cryotimer.o
LOAD ./emlib/em_crypto.o
LOAD ./emlib/em_dac.o
LOAD ./emlib/em_dbg.o
LOAD ./emlib/em_dma.o
LOAD ./emlib/em_ebi.o
LOAD ./emlib/em_emu.o
LOAD ./emlib/em_gpcrc.o
LOAD ./emlib/em_gpio.o
LOAD ./emlib/em_i2c.o
LOAD ./emlib/em_idac.o
LOAD ./emlib/em_int.o
LOAD ./emlib/em_lcd.o
LOAD ./emlib/em_ldma.o
LOAD ./emlib/em_lesense.o
LOAD ./emlib/em_letimer.o
LOAD ./emlib/em_leuart.o
LOAD ./emlib/em_mpu.o
LOAD ./emlib/em_msc.o
LOAD ./emlib/em_opamp.o
LOAD ./emlib/em_pcnt.o
LOAD ./emlib/em_prs.o
LOAD ./emlib/em_rmu.o
LOAD ./emlib/em_rtc.o
LOAD ./emlib/em_rtcc.o
LOAD ./emlib/em_system.o
LOAD ./emlib/em_timer.o
LOAD ./emlib/em_usart.o
LOAD ./emlib/em_vcmp.o
LOAD ./emlib/em_wdog.o
LOAD ./src/main.o
START GROUP
LOAD /Applications/Simplicity Studio.app/Contents/Eclipse/developer/toolchains/gnu_arm/4.8_2013q4/bin/../lib/gcc/arm-none-eabi/4.8.3/armv7-m/libgcc.a
LOAD /Applications/Simplicity Studio.app/Contents/Eclipse/developer/toolchains/gnu_arm/4.8_2013q4/bin/../lib/gcc/arm-none-eabi/4.8.3/../../../../arm-none-eabi/lib/armv7-m/libc_s.a
LOAD /Applications/Simplicity Studio.app/Contents/Eclipse/developer/toolchains/gnu_arm/4.8_2013q4/bin/../lib/gcc/arm-none-eabi/4.8.3/../../../../arm-none-eabi/lib/armv7-m/libnosys.a
END GROUP
START GROUP
LOAD /Applications/Simplicity Studio.app/Contents/Eclipse/developer/toolchains/gnu_arm/4.8_2013q4/bin/../lib/gcc/arm-none-eabi/4.8.3/armv7-m/libgcc.a
LOAD /Applications/Simplicity Studio.app/Contents/Eclipse/developer/toolchains/gnu_arm/4.8_2013q4/bin/../lib/gcc/arm-none-eabi/4.8.3/../../../../arm-none-eabi/lib/armv7-m/libg_s.a
LOAD /Applications/Simplicity Studio.app/Contents/Eclipse/developer/toolchains/gnu_arm/4.8_2013q4/bin/../lib/gcc/arm-none-eabi/4.8.3/../../../../arm-none-eabi/lib/armv7-m/libc_s.a
END GROUP
START GROUP
LOAD /Applications/Simplicity Studio.app/Contents/Eclipse/developer/toolchains/gnu_arm/4.8_2013q4/bin/../lib/gcc/arm-none-eabi/4.8.3/armv7-m/libgcc.a
LOAD /Applications/Simplicity Studio.app/Contents/Eclipse/developer/toolchains/gnu_arm/4.8_2013q4/bin/../lib/gcc/arm-none-eabi/4.8.3/../../../../arm-none-eabi/lib/armv7-m/libc_s.a
END GROUP
LOAD /Applications/Simplicity Studio.app/Contents/Eclipse/developer/toolchains/gnu_arm/4.8_2013q4/bin/../lib/gcc/arm-none-eabi/4.8.3/armv7-m/crtend.o
LOAD /Applications/Simplicity Studio.app/Contents/Eclipse/developer/toolchains/gnu_arm/4.8_2013q4/bin/../lib/gcc/arm-none-eabi/4.8.3/armv7-m/crtn.o

.text           0x0000000000000000     0x28f0
 *(.vectors)
 .vectors       0x0000000000000000       0xe0 ./CMSIS/EFM32LG/startup_efm32lg.o
                0x0000000000000000                __Vectors
                0x00000000000000e0                __Vectors_End = .
                0x00000000000000e0                __Vectors_Size = (__Vectors_End - __Vectors)
                0x00000000000000e0                __end__ = .
 *(.text*)
 .text          0x00000000000000e0       0x54 /Applications/Simplicity Studio.app/Contents/Eclipse/developer/toolchains/gnu_arm/4.8_2013q4/bin/../lib/gcc/arm-none-eabi/4.8.3/armv7-m/crtbegin.o
 .text          0x0000000000000134       0x74 /Applications/Simplicity Studio.app/Contents/Eclipse/developer/toolchains/gnu_arm/4.8_2013q4/bin/../lib/gcc/arm-none-eabi/4.8.3/../../../../arm-none-eabi/lib/armv7-m/crt0.o
                0x0000000000000134                _mainCRTStartup
                0x0000000000000134                _start
 .text          0x00000000000001a8       0x30 ./CMSIS/EFM32LG/startup_efm32lg.o
                0x00000000000001a8                Reset_Handler
                0x00000000000001d4                DebugMon_Handler
                0x00000000000001d4                USART0_TX_IRQHandler
                0x00000000000001d4                I2C0_IRQHandler
                0x00000000000001d4                HardFault_Handler
                0x00000000000001d4                LEUART1_IRQHandler
                0x00000000000001d4                SysTick_Handler
                0x00000000000001d4                USART1_RX_IRQHandler
                0x00000000000001d4                PendSV_Handler
                0x00000000000001d4                NMI_Handler
                0x00000000000001d4                I2C1_IRQHandler
                0x00000000000001d4                TIMER3_IRQHandler
                0x00000000000001d4                USART1_TX_IRQHandler
                0x00000000000001d4                MSC_IRQHandler
                0x00000000000001d4                ADC0_IRQHandler
                0x00000000000001d4                UsageFault_Handler
                0x00000000000001d4                LEUART0_IRQHandler
                0x00000000000001d4                GPIO_EVEN_IRQHandler
                0x00000000000001d4                UART0_TX_IRQHandler
                0x00000000000001d4                UART1_TX_IRQHandler
                0x00000000000001d4                RTC_IRQHandler
                0x00000000000001d4                TIMER0_IRQHandler
                0x00000000000001d4                LCD_IRQHandler
                0x00000000000001d4                PCNT2_IRQHandler
                0x00000000000001d4                UART0_RX_IRQHandler
                0x00000000000001d4                TIMER1_IRQHandler
                0x00000000000001d4                USART2_RX_IRQHandler
                0x00000000000001d4                Default_Handler
                0x00000000000001d4                EMU_IRQHandler
                0x00000000000001d4                PCNT0_IRQHandler
                0x00000000000001d4                USB_IRQHandler
                0x00000000000001d4                BURTC_IRQHandler
                0x00000000000001d4                PCNT1_IRQHandler
                0x00000000000001d4                ACMP0_IRQHandler
                0x00000000000001d4                USART0_RX_IRQHandler
                0x00000000000001d4                MemManage_Handler
                0x00000000000001d4                SVC_Handler
                0x00000000000001d4                DAC0_IRQHandler
                0x00000000000001d4                UART1_RX_IRQHandler
                0x00000000000001d4                CMU_IRQHandler
                0x00000000000001d4                EBI_IRQHandler
                0x00000000000001d4                LESENSE_IRQHandler
                0x00000000000001d4                GPIO_ODD_IRQHandler
                0x00000000000001d4                AES_IRQHandler
                0x00000000000001d4                VCMP_IRQHandler
                0x00000000000001d4                BusFault_Handler
                0x00000000000001d4                TIMER2_IRQHandler
                0x00000000000001d4                USART2_TX_IRQHandler
 .text.SystemCoreClockGet
                0x00000000000001d8       0xe0 ./CMSIS/EFM32LG/system_efm32lg.o
                0x00000000000001d8                SystemCoreClockGet
 .text.SystemMaxCoreClockGet
                0x00000000000002b8        0x8 ./CMSIS/EFM32LG/system_efm32lg.o
                0x00000000000002b8                SystemMaxCoreClockGet
 .text.SystemHFClockGet
                0x00000000000002c0       0xd0 ./CMSIS/EFM32LG/system_efm32lg.o
                0x00000000000002c0                SystemHFClockGet
 .text.SystemHFXOClockGet
                0x0000000000000390        0xc ./CMSIS/EFM32LG/system_efm32lg.o
                0x0000000000000390                SystemHFXOClockGet
 .text.SystemInit
                0x000000000000039c        0x4 ./CMSIS/EFM32LG/system_efm32lg.o
                0x000000000000039c                SystemInit
 .text.SystemLFRCOClockGet
                0x00000000000003a0        0x8 ./CMSIS/EFM32LG/system_efm32lg.o
                0x00000000000003a0                SystemLFRCOClockGet
 .text.SystemULFRCOClockGet
                0x00000000000003a8        0x8 ./CMSIS/EFM32LG/system_efm32lg.o
                0x00000000000003a8                SystemULFRCOClockGet
 .text.SystemLFXOClockGet
                0x00000000000003b0        0xc ./CMSIS/EFM32LG/system_efm32lg.o
                0x00000000000003b0                SystemLFXOClockGet
 .text.ACMP_Disable
                0x00000000000003bc        0xc ./emlib/em_acmp.o
                0x00000000000003bc                ACMP_Disable
 .text.ACMP_Enable
                0x00000000000003c8        0xc ./emlib/em_acmp.o
                0x00000000000003c8                ACMP_Enable
 .text.ACMP_GPIOSetup
                0x00000000000003d4       0x1c ./emlib/em_acmp.o
                0x00000000000003d4                ACMP_GPIOSetup
 .text.ACMP_ChannelSet
                0x00000000000003f0       0x10 ./emlib/em_acmp.o
                0x00000000000003f0                ACMP_ChannelSet
 .text.ACMP_Init
                0x0000000000000400       0x54 ./emlib/em_acmp.o
                0x0000000000000400                ACMP_Init
 .text.lfClkGet
                0x0000000000000454      0x150 ./emlib/em_cmu.o
 .text.CMU_ClockSelectGet
                0x00000000000005a4       0xc0 ./emlib/em_cmu.o
                0x00000000000005a4                CMU_ClockSelectGet
 .text.CMU_ClockFreqGet
                0x0000000000000664      0x210 ./emlib/em_cmu.o
                0x0000000000000664                CMU_ClockFreqGet
 .text.CMU_ClockEnable
                0x0000000000000874       0xf0 ./emlib/em_cmu.o
                0x0000000000000874                CMU_ClockEnable
 .text.CMU_ClockSelectSet
                0x0000000000000964      0x4ec ./emlib/em_cmu.o
                0x0000000000000964                CMU_ClockSelectSet
 .text.CMU_HFRCOBandSet
                0x0000000000000e50      0x1e0 ./emlib/em_cmu.o
                0x0000000000000e50                CMU_HFRCOBandSet
 .text.DMA_IRQHandler
                0x0000000000001030       0x80 ./emlib/em_dma.o
                0x0000000000001030                DMA_IRQHandler
 .text.emuRestore
                0x00000000000010b0       0x8c ./emlib/em_emu.o
 .text.EMU_EnterEM2
                0x000000000000113c       0x98 ./emlib/em_emu.o
                0x000000000000113c                EMU_EnterEM2
 .text.EMU_EnterEM3
                0x00000000000011d4       0xb8 ./emlib/em_emu.o
                0x00000000000011d4                EMU_EnterEM3
 .text.EMU_UpdateOscConfig
                0x000000000000128c       0x14 ./emlib/em_emu.o
                0x000000000000128c                EMU_UpdateOscConfig
 .text.GPIO_PinModeSet
                0x00000000000012a0       0xb4 ./emlib/em_gpio.o
                0x00000000000012a0                GPIO_PinModeSet
 .text.LETIMER_CompareSet
                0x0000000000001354       0x14 ./emlib/em_letimer.o
                0x0000000000001354                LETIMER_CompareSet
 .text.LETIMER_Init
                0x0000000000001368       0x78 ./emlib/em_letimer.o
                0x0000000000001368                LETIMER_Init
 .text.LETIMER_RepeatSet
                0x00000000000013e0       0x14 ./emlib/em_letimer.o
                0x00000000000013e0                LETIMER_RepeatSet
 .text.LETIMER_Reset
                0x00000000000013f4       0x28 ./emlib/em_letimer.o
                0x00000000000013f4                LETIMER_Reset
 .text.SYSTEM_ChipRevisionGet
                0x000000000000141c       0x34 ./emlib/em_system.o
                0x000000000000141c                SYSTEM_ChipRevisionGet
 .text.TIMER_Init
                0x0000000000001450       0x98 ./emlib/em_timer.o
                0x0000000000001450                TIMER_Init
 .text.TIMER_Reset
                0x00000000000014e8       0x48 ./emlib/em_timer.o
                0x00000000000014e8                TIMER_Reset
 .text.ulfrco_calibration
                0x0000000000001530      0x230 ./src/main.o
                0x0000000000001530                ulfrco_calibration
 .text.CMU_Setup
                0x0000000000001760       0xd0 ./src/main.o
                0x0000000000001760                CMU_Setup
 .text.LETIMER_Setup
                0x0000000000001830      0x128 ./src/main.o
                0x0000000000001830                LETIMER_Setup
 .text.LETIMER0_IRQHandler
                0x0000000000001958       0xd8 ./src/main.o
                0x0000000000001958                LETIMER0_IRQHandler
 .text.ACMP_Setup
                0x0000000000001a30       0x30 ./src/main.o
                0x0000000000001a30                ACMP_Setup
 .text.GPIO_Setup
                0x0000000000001a60       0x2c ./src/main.o
                0x0000000000001a60                GPIO_Setup
 .text.startup.main
                0x0000000000001a8c       0x84 ./src/main.o
                0x0000000000001a8c                main
 .text          0x0000000000001b10      0x370 /Applications/Simplicity Studio.app/Contents/Eclipse/developer/toolchains/gnu_arm/4.8_2013q4/bin/../lib/gcc/arm-none-eabi/4.8.3/armv7-m/libgcc.a(_arm_addsubdf3.o)
                0x0000000000001b10                __aeabi_drsub
                0x0000000000001b18                __subdf3
                0x0000000000001b18                __aeabi_dsub
                0x0000000000001b1c                __aeabi_dadd
                0x0000000000001b1c                __adddf3
                0x0000000000001d94                __aeabi_ui2d
                0x0000000000001d94                __floatunsidf
                0x0000000000001db4                __floatsidf
                0x0000000000001db4                __aeabi_i2d
                0x0000000000001dd8                __extendsfdf2
                0x0000000000001dd8                __aeabi_f2d
                0x0000000000001e14                __aeabi_ul2d
                0x0000000000001e14                __floatundidf
                0x0000000000001e24                __aeabi_l2d
                0x0000000000001e24                __floatdidf
 .text          0x0000000000001e80      0x424 /Applications/Simplicity Studio.app/Contents/Eclipse/developer/toolchains/gnu_arm/4.8_2013q4/bin/../lib/gcc/arm-none-eabi/4.8.3/armv7-m/libgcc.a(_arm_muldivdf3.o)
                0x0000000000001e80                __aeabi_dmul
                0x0000000000001e80                __muldf3
                0x00000000000020d4                __aeabi_ddiv
                0x00000000000020d4                __divdf3
 .text          0x00000000000022a4       0x50 /Applications/Simplicity Studio.app/Contents/Eclipse/developer/toolchains/gnu_arm/4.8_2013q4/bin/../lib/gcc/arm-none-eabi/4.8.3/armv7-m/libgcc.a(_arm_fixdfsi.o)
                0x00000000000022a4                __fixdfsi
                0x00000000000022a4                __aeabi_d2iz
 .text          0x00000000000022f4      0x21c /Applications/Simplicity Studio.app/Contents/Eclipse/developer/toolchains/gnu_arm/4.8_2013q4/bin/../lib/gcc/arm-none-eabi/4.8.3/armv7-m/libgcc.a(_arm_addsubsf3.o)
                0x00000000000022f4                __aeabi_frsub
                0x00000000000022fc                __aeabi_fsub
                0x00000000000022fc                __subsf3
                0x0000000000002300                __aeabi_fadd
                0x0000000000002300                __addsf3
                0x0000000000002460                __aeabi_ui2f
                0x0000000000002460                __floatunsisf
                0x0000000000002468                __floatsisf
                0x0000000000002468                __aeabi_i2f
                0x0000000000002484                __aeabi_ul2f
                0x0000000000002484                __floatundisf
                0x0000000000002494                __aeabi_l2f
                0x0000000000002494                __floatdisf
 .text          0x0000000000002510      0x2a0 /Applications/Simplicity Studio.app/Contents/Eclipse/developer/toolchains/gnu_arm/4.8_2013q4/bin/../lib/gcc/arm-none-eabi/4.8.3/armv7-m/libgcc.a(_arm_muldivsf3.o)
                0x0000000000002510                __mulsf3
                0x0000000000002510                __aeabi_fmul
                0x0000000000002678                __divsf3
                0x0000000000002678                __aeabi_fdiv
 .text          0x00000000000027b0       0x4c /Applications/Simplicity Studio.app/Contents/Eclipse/developer/toolchains/gnu_arm/4.8_2013q4/bin/../lib/gcc/arm-none-eabi/4.8.3/armv7-m/libgcc.a(_arm_fixsfsi.o)
                0x00000000000027b0                __fixsfsi
                0x00000000000027b0                __aeabi_f2iz
 .text.exit     0x00000000000027fc       0x28 /Applications/Simplicity Studio.app/Contents/Eclipse/developer/toolchains/gnu_arm/4.8_2013q4/bin/../lib/gcc/arm-none-eabi/4.8.3/../../../../arm-none-eabi/lib/armv7-m/libc_s.a(lib_a-exit.o)
                0x00000000000027fc                exit
 .text.__libc_init_array
                0x0000000000002824       0x4c /Applications/Simplicity Studio.app/Contents/Eclipse/developer/toolchains/gnu_arm/4.8_2013q4/bin/../lib/gcc/arm-none-eabi/4.8.3/../../../../arm-none-eabi/lib/armv7-m/libc_s.a(lib_a-init.o)
                0x0000000000002824                __libc_init_array
 .text.memset   0x0000000000002870       0x10 /Applications/Simplicity Studio.app/Contents/Eclipse/developer/toolchains/gnu_arm/4.8_2013q4/bin/../lib/gcc/arm-none-eabi/4.8.3/../../../../arm-none-eabi/lib/armv7-m/libc_s.a(lib_a-memset.o)
                0x0000000000002870                memset
 .text._exit    0x0000000000002880        0x4 /Applications/Simplicity Studio.app/Contents/Eclipse/developer/toolchains/gnu_arm/4.8_2013q4/bin/../lib/gcc/arm-none-eabi/4.8.3/../../../../arm-none-eabi/lib/armv7-m/libnosys.a(_exit.o)
                0x0000000000002880                _exit
 *(.init)
 .init          0x0000000000002884        0x4 /Applications/Simplicity Studio.app/Contents/Eclipse/developer/toolchains/gnu_arm/4.8_2013q4/bin/../lib/gcc/arm-none-eabi/4.8.3/armv7-m/crti.o
                0x0000000000002884                _init
 .init          0x0000000000002888        0x8 /Applications/Simplicity Studio.app/Contents/Eclipse/developer/toolchains/gnu_arm/4.8_2013q4/bin/../lib/gcc/arm-none-eabi/4.8.3/armv7-m/crtn.o
 *(.fini)
 .fini          0x0000000000002890        0x4 /Applications/Simplicity Studio.app/Contents/Eclipse/developer/toolchains/gnu_arm/4.8_2013q4/bin/../lib/gcc/arm-none-eabi/4.8.3/armv7-m/crti.o
                0x0000000000002890                _fini
 .fini          0x0000000000002894        0x8 /Applications/Simplicity Studio.app/Contents/Eclipse/developer/toolchains/gnu_arm/4.8_2013q4/bin/../lib/gcc/arm-none-eabi/4.8.3/armv7-m/crtn.o
 *crtbegin.o(.ctors)
 *crtbegin?.o(.ctors)
 *(EXCLUDE_FILE(*crtend.o *crtend?.o) .ctors)
 *(SORT(.ctors.*))
 *(.ctors)
 *crtbegin.o(.dtors)
 *crtbegin?.o(.dtors)
 *(EXCLUDE_FILE(*crtend.o *crtend?.o) .dtors)
 *(SORT(.dtors.*))
 *(.dtors)
 *(.rodata*)
 .rodata        0x000000000000289c       0x18 ./src/main.o
 .rodata.initACMP_off
                0x00000000000028b4       0x18 ./src/main.o
 .rodata.initACMP_on
                0x00000000000028cc       0x18 ./src/main.o
 .rodata.str1.1
                0x00000000000028e4        0x2 /Applications/Simplicity Studio.app/Contents/Eclipse/developer/toolchains/gnu_arm/4.8_2013q4/bin/../lib/gcc/arm-none-eabi/4.8.3/../../../../arm-none-eabi/lib/armv7-m/libc_s.a(lib_a-impure.o)
 *fill*         0x00000000000028e6        0x2 
 .rodata._global_impure_ptr
                0x00000000000028e8        0x4 /Applications/Simplicity Studio.app/Contents/Eclipse/developer/toolchains/gnu_arm/4.8_2013q4/bin/../lib/gcc/arm-none-eabi/4.8.3/../../../../arm-none-eabi/lib/armv7-m/libc_s.a(lib_a-impure.o)
                0x00000000000028e8                _global_impure_ptr
 *(.eh_frame*)
 .eh_frame      0x00000000000028ec        0x0 /Applications/Simplicity Studio.app/Contents/Eclipse/developer/toolchains/gnu_arm/4.8_2013q4/bin/../lib/gcc/arm-none-eabi/4.8.3/armv7-m/crtbegin.o
 .eh_frame      0x00000000000028ec        0x4 /Applications/Simplicity Studio.app/Contents/Eclipse/developer/toolchains/gnu_arm/4.8_2013q4/bin/../lib/gcc/arm-none-eabi/4.8.3/armv7-m/crtend.o

.glue_7         0x00000000000028f0        0x0
 .glue_7        0x0000000000000000        0x0 linker stubs

.glue_7t        0x00000000000028f0        0x0
 .glue_7t       0x0000000000000000        0x0 linker stubs

.vfp11_veneer   0x00000000000028f0        0x0
 .vfp11_veneer  0x0000000000000000        0x0 linker stubs

.v4_bx          0x00000000000028f0        0x0
 .v4_bx         0x0000000000000000        0x0 linker stubs

.iplt           0x00000000000028f0        0x0
 .iplt          0x0000000000000000        0x0 /Applications/Simplicity Studio.app/Contents/Eclipse/developer/toolchains/gnu_arm/4.8_2013q4/bin/../lib/gcc/arm-none-eabi/4.8.3/armv7-m/crtbegin.o

.ARM.extab
 *(.ARM.extab* .gnu.linkonce.armextab.*)
                0x00000000000028f0                __exidx_start = .

.ARM.exidx      0x00000000000028f0        0x8
 *(.ARM.exidx* .gnu.linkonce.armexidx.*)
 .ARM.exidx     0x00000000000028f0        0x8 /Applications/Simplicity Studio.app/Contents/Eclipse/developer/toolchains/gnu_arm/4.8_2013q4/bin/../lib/gcc/arm-none-eabi/4.8.3/../../../../arm-none-eabi/lib/armv7-m/crt0.o
                0x00000000000028f8                __exidx_end = .
                0x00000000000028f8                __etext = .

.rel.dyn        0x00000000000028f8        0x0
 .rel.iplt      0x0000000000000000        0x0 /Applications/Simplicity Studio.app/Contents/Eclipse/developer/toolchains/gnu_arm/4.8_2013q4/bin/../lib/gcc/arm-none-eabi/4.8.3/armv7-m/crtbegin.o

.data           0x0000000020000000       0x7c load address 0x00000000000028f8
                0x0000000020000000                __data_start__ = .
 *(vtable)
 *(.data*)
 .data.SystemLFXOClock
                0x0000000020000000        0x4 ./CMSIS/EFM32LG/system_efm32lg.o
 .data.SystemHFXOClock
                0x0000000020000004        0x4 ./CMSIS/EFM32LG/system_efm32lg.o
 .data.CAL      0x0000000020000008        0x4 ./src/main.o
                0x0000000020000008                CAL
 .data.EM_State
                0x000000002000000c        0x1 ./src/main.o
                0x000000002000000c                EM_State
 *fill*         0x000000002000000d        0x3 
 .data.impure_data
                0x0000000020000010       0x60 /Applications/Simplicity Studio.app/Contents/Eclipse/developer/toolchains/gnu_arm/4.8_2013q4/bin/../lib/gcc/arm-none-eabi/4.8.3/../../../../arm-none-eabi/lib/armv7-m/libc_s.a(lib_a-impure.o)
                0x0000000020000070                . = ALIGN (0x4)
 *(.ram)
                0x0000000020000070                . = ALIGN (0x4)
                0x0000000020000070                PROVIDE (__preinit_array_start, .)
 *(.preinit_array)
                0x0000000020000070                PROVIDE (__preinit_array_end, .)
                0x0000000020000070                . = ALIGN (0x4)
                0x0000000020000070                PROVIDE (__init_array_start, .)
 *(SORT(.init_array.*))
 *(.init_array)
 .init_array    0x0000000020000070        0x4 /Applications/Simplicity Studio.app/Contents/Eclipse/developer/toolchains/gnu_arm/4.8_2013q4/bin/../lib/gcc/arm-none-eabi/4.8.3/armv7-m/crtbegin.o
                0x0000000020000074                PROVIDE (__init_array_end, .)
                0x0000000020000074                . = ALIGN (0x4)
                0x0000000020000074                PROVIDE (__fini_array_start, .)
 *(SORT(.fini_array.*))
 *(.fini_array)
 .fini_array    0x0000000020000074        0x4 /Applications/Simplicity Studio.app/Contents/Eclipse/developer/toolchains/gnu_arm/4.8_2013q4/bin/../lib/gcc/arm-none-eabi/4.8.3/armv7-m/crtbegin.o
                0x0000000020000078                PROVIDE (__fini_array_end, .)
 *(.jcr*)
 .jcr           0x0000000020000078        0x0 /Applications/Simplicity Studio.app/Contents/Eclipse/developer/toolchains/gnu_arm/4.8_2013q4/bin/../lib/gcc/arm-none-eabi/4.8.3/armv7-m/crtbegin.o
 .jcr           0x0000000020000078        0x4 /Applications/Simplicity Studio.app/Contents/Eclipse/developer/toolchains/gnu_arm/4.8_2013q4/bin/../lib/gcc/arm-none-eabi/4.8.3/armv7-m/crtend.o
                0x000000002000007c                . = ALIGN (0x4)
                0x000000002000007c                __data_end__ = .

.igot.plt       0x000000002000007c        0x0 load address 0x0000000000002974
 .igot.plt      0x0000000000000000        0x0 /Applications/Simplicity Studio.app/Contents/Eclipse/developer/toolchains/gnu_arm/4.8_2013q4/bin/../lib/gcc/arm-none-eabi/4.8.3/armv7-m/crtbegin.o

.bss            0x000000002000007c       0x44 load address 0x0000000000002974
                0x000000002000007c                . = ALIGN (0x4)
                0x000000002000007c                __bss_start__ = .
 *(.bss*)
 .bss           0x000000002000007c       0x1c /Applications/Simplicity Studio.app/Contents/Eclipse/developer/toolchains/gnu_arm/4.8_2013q4/bin/../lib/gcc/arm-none-eabi/4.8.3/armv7-m/crtbegin.o
 .bss.cmuStatus
                0x0000000020000098        0x4 ./emlib/em_emu.o
 .bss.INT_LockCnt
                0x000000002000009c        0x4 ./emlib/em_int.o
                0x000000002000009c                INT_LockCnt
 .bss.ULFRCO_CAL
                0x00000000200000a0        0x4 ./src/main.o
                0x00000000200000a0                ULFRCO_CAL
 .bss.LED       0x00000000200000a4        0x4 ./src/main.o
                0x00000000200000a4                LED
 .bss.prescaler
                0x00000000200000a8        0x4 ./src/main.o
                0x00000000200000a8                prescaler
 *(COMMON)
 COMMON         0x00000000200000ac        0x4 ./CMSIS/EFM32LG/system_efm32lg.o
                0x00000000200000ac                SystemCoreClock
 COMMON         0x00000000200000b0       0x10 ./src/main.o
                0x00000000200000b0                sleep_block_counter
                0x00000000200000c0                . = ALIGN (0x4)
                0x00000000200000c0                __bss_end__ = .

.heap           0x00000000200000c0      0xc00
                0x00000000200000c0                __HeapBase = .
                0x00000000200000c0                __end__ = .
                0x00000000200000c0                end = __end__
                0x00000000200000c0                _end = __end__
 *(.heap*)
 .heap          0x00000000200000c0      0xc00 ./CMSIS/EFM32LG/startup_efm32lg.o
                0x0000000020000cc0                __HeapLimit = .

.stack_dummy    0x00000000200000c0      0x400
 *(.stack*)
 .stack         0x00000000200000c0      0x400 ./CMSIS/EFM32LG/startup_efm32lg.o
                0x0000000020008000                __StackTop = (ORIGIN (RAM) + 0x8000)
                0x0000000020007c00                __StackLimit = (__StackTop - SIZEOF (.stack_dummy))
                0x0000000020008000                PROVIDE (__stack, __StackTop)
                0x0000000000000001                ASSERT ((__StackLimit >= __HeapLimit), region RAM overflowed with stack)
                0x0000000000000001                ASSERT ((0x40000 >= (__etext + SIZEOF (.data))), FLASH memory overflowed !)
OUTPUT(ADC_DMA.axf elf32-littlearm)

.ARM.attributes
                0x0000000000000000       0x29
 .ARM.attributes
                0x0000000000000000       0x1d /Applications/Simplicity Studio.app/Contents/Eclipse/developer/toolchains/gnu_arm/4.8_2013q4/bin/../lib/gcc/arm-none-eabi/4.8.3/armv7-m/crti.o
 .ARM.attributes
                0x000000000000001d       0x2d /Applications/Simplicity Studio.app/Contents/Eclipse/developer/toolchains/gnu_arm/4.8_2013q4/bin/../lib/gcc/arm-none-eabi/4.8.3/armv7-m/crtbegin.o
 .ARM.attributes
                0x000000000000004a       0x1b /Applications/Simplicity Studio.app/Contents/Eclipse/developer/toolchains/gnu_arm/4.8_2013q4/bin/../lib/gcc/arm-none-eabi/4.8.3/../../../../arm-none-eabi/lib/armv7-m/crt0.o
 .ARM.attributes
                0x0000000000000065       0x1b ./CMSIS/EFM32LG/startup_efm32lg.o
 .ARM.attributes
                0x0000000000000080       0x33 ./CMSIS/EFM32LG/system_efm32lg.o
 .ARM.attributes
                0x00000000000000b3       0x33 ./emlib/em_acmp.o
 .ARM.attributes
                0x00000000000000e6       0x33 ./emlib/em_cmu.o
 .ARM.attributes
                0x0000000000000119       0x33 ./emlib/em_dma.o
 .ARM.attributes
                0x000000000000014c       0x33 ./emlib/em_emu.o
 .ARM.attributes
                0x000000000000017f       0x33 ./emlib/em_gpio.o
 .ARM.attributes
                0x00000000000001b2       0x33 ./emlib/em_int.o
 .ARM.attributes
                0x00000000000001e5       0x33 ./emlib/em_letimer.o
 .ARM.attributes
                0x0000000000000218       0x33 ./emlib/em_system.o
 .ARM.attributes
                0x000000000000024b       0x33 ./emlib/em_timer.o
 .ARM.attributes
                0x000000000000027e       0x33 ./src/main.o
 .ARM.attributes
                0x00000000000002b1       0x1d /Applications/Simplicity Studio.app/Contents/Eclipse/developer/toolchains/gnu_arm/4.8_2013q4/bin/../lib/gcc/arm-none-eabi/4.8.3/armv7-m/libgcc.a(_arm_addsubdf3.o)
 .ARM.attributes
                0x00000000000002ce       0x1d /Applications/Simplicity Studio.app/Contents/Eclipse/developer/toolchains/gnu_arm/4.8_2013q4/bin/../lib/gcc/arm-none-eabi/4.8.3/armv7-m/libgcc.a(_arm_muldivdf3.o)
 .ARM.attributes
                0x00000000000002eb       0x1d /Applications/Simplicity Studio.app/Contents/Eclipse/developer/toolchains/gnu_arm/4.8_2013q4/bin/../lib/gcc/arm-none-eabi/4.8.3/armv7-m/libgcc.a(_arm_fixdfsi.o)
 .ARM.attributes
                0x0000000000000308       0x1d /Applications/Simplicity Studio.app/Contents/Eclipse/developer/toolchains/gnu_arm/4.8_2013q4/bin/../lib/gcc/arm-none-eabi/4.8.3/armv7-m/libgcc.a(_arm_addsubsf3.o)
 .ARM.attributes
                0x0000000000000325       0x1d /Applications/Simplicity Studio.app/Contents/Eclipse/developer/toolchains/gnu_arm/4.8_2013q4/bin/../lib/gcc/arm-none-eabi/4.8.3/armv7-m/libgcc.a(_arm_muldivsf3.o)
 .ARM.attributes
                0x0000000000000342       0x1d /Applications/Simplicity Studio.app/Contents/Eclipse/developer/toolchains/gnu_arm/4.8_2013q4/bin/../lib/gcc/arm-none-eabi/4.8.3/armv7-m/libgcc.a(_arm_fixsfsi.o)
 .ARM.attributes
                0x000000000000035f       0x2d /Applications/Simplicity Studio.app/Contents/Eclipse/developer/toolchains/gnu_arm/4.8_2013q4/bin/../lib/gcc/arm-none-eabi/4.8.3/../../../../arm-none-eabi/lib/armv7-m/libc_s.a(lib_a-exit.o)
 .ARM.attributes
                0x000000000000038c       0x2d /Applications/Simplicity Studio.app/Contents/Eclipse/developer/toolchains/gnu_arm/4.8_2013q4/bin/../lib/gcc/arm-none-eabi/4.8.3/../../../../arm-none-eabi/lib/armv7-m/libc_s.a(lib_a-impure.o)
 .ARM.attributes
                0x00000000000003b9       0x2d /Applications/Simplicity Studio.app/Contents/Eclipse/developer/toolchains/gnu_arm/4.8_2013q4/bin/../lib/gcc/arm-none-eabi/4.8.3/../../../../arm-none-eabi/lib/armv7-m/libc_s.a(lib_a-init.o)
 .ARM.attributes
                0x00000000000003e6       0x2d /Applications/Simplicity Studio.app/Contents/Eclipse/developer/toolchains/gnu_arm/4.8_2013q4/bin/../lib/gcc/arm-none-eabi/4.8.3/../../../../arm-none-eabi/lib/armv7-m/libc_s.a(lib_a-memset.o)
 .ARM.attributes
                0x0000000000000413       0x2d /Applications/Simplicity Studio.app/Contents/Eclipse/developer/toolchains/gnu_arm/4.8_2013q4/bin/../lib/gcc/arm-none-eabi/4.8.3/../../../../arm-none-eabi/lib/armv7-m/libnosys.a(_exit.o)
 .ARM.attributes
                0x0000000000000440       0x2d /Applications/Simplicity Studio.app/Contents/Eclipse/developer/toolchains/gnu_arm/4.8_2013q4/bin/../lib/gcc/arm-none-eabi/4.8.3/armv7-m/crtend.o
 .ARM.attributes
                0x000000000000046d       0x1d /Applications/Simplicity Studio.app/Contents/Eclipse/developer/toolchains/gnu_arm/4.8_2013q4/bin/../lib/gcc/arm-none-eabi/4.8.3/armv7-m/crtn.o

.comment        0x0000000000000000       0x70
 .comment       0x0000000000000000       0x70 ./CMSIS/EFM32LG/system_efm32lg.o
                                         0x71 (size before relaxing)
 .comment       0x0000000000000000       0x71 ./emlib/em_acmp.o
 .comment       0x0000000000000000       0x71 ./emlib/em_cmu.o
 .comment       0x0000000000000000       0x71 ./emlib/em_dma.o
 .comment       0x0000000000000000       0x71 ./emlib/em_emu.o
 .comment       0x0000000000000000       0x71 ./emlib/em_gpio.o
 .comment       0x0000000000000000       0x71 ./emlib/em_int.o
 .comment       0x0000000000000000       0x71 ./emlib/em_letimer.o
 .comment       0x0000000000000000       0x71 ./emlib/em_system.o
 .comment       0x0000000000000000       0x71 ./emlib/em_timer.o
 .comment       0x0000000000000000       0x71 ./src/main.o

.debug_line     0x0000000000000000     0x374e
 .debug_line    0x0000000000000000       0xd4 ./CMSIS/EFM32LG/startup_efm32lg.o
 .debug_line    0x00000000000000d4      0x415 ./CMSIS/EFM32LG/system_efm32lg.o
 .debug_line    0x00000000000004e9      0x391 ./emlib/em_acmp.o
 .debug_line    0x000000000000087a      0xe31 ./emlib/em_cmu.o
 .debug_line    0x00000000000016ab      0x680 ./emlib/em_dma.o
 .debug_line    0x0000000000001d2b      0x531 ./emlib/em_emu.o
 .debug_line    0x000000000000225c      0x346 ./emlib/em_gpio.o
 .debug_line    0x00000000000025a2      0x11f ./emlib/em_int.o
 .debug_line    0x00000000000026c1      0x335 ./emlib/em_letimer.o
 .debug_line    0x00000000000029f6      0x271 ./emlib/em_system.o
 .debug_line    0x0000000000002c67      0x3a9 ./emlib/em_timer.o
 .debug_line    0x0000000000003010      0x73e ./src/main.o

.debug_info     0x0000000000000000     0x9e80
 .debug_info    0x0000000000000000       0xfd ./CMSIS/EFM32LG/startup_efm32lg.o
 .debug_info    0x00000000000000fd      0x688 ./CMSIS/EFM32LG/system_efm32lg.o
 .debug_info    0x0000000000000785      0x6e8 ./emlib/em_acmp.o
 .debug_info    0x0000000000000e6d     0x2abd ./emlib/em_cmu.o
 .debug_info    0x000000000000392a     0x164c ./emlib/em_dma.o
 .debug_info    0x0000000000004f76      0xe91 ./emlib/em_emu.o
 .debug_info    0x0000000000005e07      0x7bc ./emlib/em_gpio.o
 .debug_info    0x00000000000065c3       0xa6 ./emlib/em_int.o
 .debug_info    0x0000000000006669      0x570 ./emlib/em_letimer.o
 .debug_info    0x0000000000006bd9      0x246 ./emlib/em_system.o
 .debug_info    0x0000000000006e1f      0x917 ./emlib/em_timer.o
 .debug_info    0x0000000000007736     0x274a ./src/main.o

.debug_abbrev   0x0000000000000000     0x1bd4
 .debug_abbrev  0x0000000000000000       0x14 ./CMSIS/EFM32LG/startup_efm32lg.o
 .debug_abbrev  0x0000000000000014      0x1b3 ./CMSIS/EFM32LG/system_efm32lg.o
 .debug_abbrev  0x00000000000001c7      0x269 ./emlib/em_acmp.o
 .debug_abbrev  0x0000000000000430      0x44f ./emlib/em_cmu.o
 .debug_abbrev  0x000000000000087f      0x34b ./emlib/em_dma.o
 .debug_abbrev  0x0000000000000bca      0x323 ./emlib/em_emu.o
 .debug_abbrev  0x0000000000000eed      0x2a7 ./emlib/em_gpio.o
 .debug_abbrev  0x0000000000001194       0x5c ./emlib/em_int.o
 .debug_abbrev  0x00000000000011f0      0x23c ./emlib/em_letimer.o
 .debug_abbrev  0x000000000000142c       0xef ./emlib/em_system.o
 .debug_abbrev  0x000000000000151b      0x1cc ./emlib/em_timer.o
 .debug_abbrev  0x00000000000016e7      0x4ed ./src/main.o

.debug_aranges  0x0000000000000000      0x468
 .debug_aranges
                0x0000000000000000       0x20 ./CMSIS/EFM32LG/startup_efm32lg.o
 .debug_aranges
                0x0000000000000020       0x68 ./CMSIS/EFM32LG/system_efm32lg.o
 .debug_aranges
                0x0000000000000088       0x58 ./emlib/em_acmp.o
 .debug_aranges
                0x00000000000000e0       0xe8 ./emlib/em_cmu.o
 .debug_aranges
                0x00000000000001c8       0x98 ./emlib/em_dma.o
 .debug_aranges
                0x0000000000000260       0x70 ./emlib/em_emu.o
 .debug_aranges
                0x00000000000002d0       0x48 ./emlib/em_gpio.o
 .debug_aranges
                0x0000000000000318       0x18 ./emlib/em_int.o
 .debug_aranges
                0x0000000000000330       0x58 ./emlib/em_letimer.o
 .debug_aranges
                0x0000000000000388       0x28 ./emlib/em_system.o
 .debug_aranges
                0x00000000000003b0       0x38 ./emlib/em_timer.o
 .debug_aranges
                0x00000000000003e8       0x80 ./src/main.o

.debug_loc      0x0000000000000000     0x5cae
 .debug_loc     0x0000000000000000      0x36a ./CMSIS/EFM32LG/system_efm32lg.o
 .debug_loc     0x000000000000036a      0x226 ./emlib/em_acmp.o
 .debug_loc     0x0000000000000590     0x3264 ./emlib/em_cmu.o
 .debug_loc     0x00000000000037f4     0x1253 ./emlib/em_dma.o
 .debug_loc     0x0000000000004a47      0x3d7 ./emlib/em_emu.o
 .debug_loc     0x0000000000004e1e      0x591 ./emlib/em_gpio.o
 .debug_loc     0x00000000000053af      0x283 ./emlib/em_letimer.o
 .debug_loc     0x0000000000005632       0xa5 ./emlib/em_system.o
 .debug_loc     0x00000000000056d7      0x148 ./emlib/em_timer.o
 .debug_loc     0x000000000000581f      0x48f ./src/main.o

.debug_ranges   0x0000000000000000     0x13b0
 .debug_ranges  0x0000000000000000      0x190 ./CMSIS/EFM32LG/system_efm32lg.o
 .debug_ranges  0x0000000000000190       0xa8 ./emlib/em_acmp.o
 .debug_ranges  0x0000000000000238      0xa38 ./emlib/em_cmu.o
 .debug_ranges  0x0000000000000c70      0x1d0 ./emlib/em_dma.o
 .debug_ranges  0x0000000000000e40      0x178 ./emlib/em_emu.o
 .debug_ranges  0x0000000000000fb8       0x68 ./emlib/em_gpio.o
 .debug_ranges  0x0000000000001020       0x60 ./emlib/em_letimer.o
 .debug_ranges  0x0000000000001080       0x18 ./emlib/em_system.o
 .debug_ranges  0x0000000000001098       0x78 ./emlib/em_timer.o
 .debug_ranges  0x0000000000001110      0x2a0 ./src/main.o

.debug_str      0x0000000000000000     0x31a6
 .debug_str     0x0000000000000000      0x416 ./CMSIS/EFM32LG/system_efm32lg.o
                                        0x48c (size before relaxing)
 .debug_str     0x0000000000000416      0x4b0 ./emlib/em_acmp.o
                                        0x624 (size before relaxing)
 .debug_str     0x00000000000008c6      0xbf0 ./emlib/em_cmu.o
                                       0x101c (size before relaxing)
 .debug_str     0x00000000000014b6      0x87f ./emlib/em_dma.o
                                        0xd5d (size before relaxing)
 .debug_str     0x0000000000001d35      0x462 ./emlib/em_emu.o
                                        0x822 (size before relaxing)
 .debug_str     0x0000000000002197      0x3b2 ./emlib/em_gpio.o
                                        0x5c7 (size before relaxing)
 .debug_str     0x0000000000002549       0x1e ./emlib/em_int.o
                                        0x1c7 (size before relaxing)
 .debug_str     0x0000000000002567      0x214 ./emlib/em_letimer.o
                                        0x409 (size before relaxing)
 .debug_str     0x000000000000277b       0xaa ./emlib/em_system.o
                                        0x299 (size before relaxing)
 .debug_str     0x0000000000002825      0x71d ./emlib/em_timer.o
                                        0x94f (size before relaxing)
 .debug_str     0x0000000000002f42      0x264 ./src/main.o
                                       0x16d7 (size before relaxing)

.debug_frame    0x0000000000000000      0xa04
 .debug_frame   0x0000000000000000       0xb0 ./CMSIS/EFM32LG/system_efm32lg.o
 .debug_frame   0x00000000000000b0       0xbc ./emlib/em_acmp.o
 .debug_frame   0x000000000000016c      0x224 ./emlib/em_cmu.o
 .debug_frame   0x0000000000000390      0x1b4 ./emlib/em_dma.o
 .debug_frame   0x0000000000000544       0xf4 ./emlib/em_emu.o
 .debug_frame   0x0000000000000638       0x90 ./emlib/em_gpio.o
 .debug_frame   0x00000000000006c8       0xa4 ./emlib/em_letimer.o
 .debug_frame   0x000000000000076c       0x30 ./emlib/em_system.o
 .debug_frame   0x000000000000079c       0x88 ./emlib/em_timer.o
 .debug_frame   0x0000000000000824      0x14c ./src/main.o
 .debug_frame   0x0000000000000970       0x28 /Applications/Simplicity Studio.app/Contents/Eclipse/developer/toolchains/gnu_arm/4.8_2013q4/bin/../lib/gcc/arm-none-eabi/4.8.3/../../../../arm-none-eabi/lib/armv7-m/libc_s.a(lib_a-exit.o)
 .debug_frame   0x0000000000000998       0x2c /Applications/Simplicity Studio.app/Contents/Eclipse/developer/toolchains/gnu_arm/4.8_2013q4/bin/../lib/gcc/arm-none-eabi/4.8.3/../../../../arm-none-eabi/lib/armv7-m/libc_s.a(lib_a-init.o)
 .debug_frame   0x00000000000009c4       0x20 /Applications/Simplicity Studio.app/Contents/Eclipse/developer/toolchains/gnu_arm/4.8_2013q4/bin/../lib/gcc/arm-none-eabi/4.8.3/../../../../arm-none-eabi/lib/armv7-m/libc_s.a(lib_a-memset.o)
 .debug_frame   0x00000000000009e4       0x20 /Applications/Simplicity Studio.app/Contents/Eclipse/developer/toolchains/gnu_arm/4.8_2013q4/bin/../lib/gcc/arm-none-eabi/4.8.3/../../../../arm-none-eabi/lib/armv7-m/libnosys.a(_exit.o)
