Archive member included because of file (symbol)

/Applications/Simplicity Studio.app/Contents/Eclipse/developer/toolchains/gnu_arm/4.9_2015q3/bin/../lib/gcc/arm-none-eabi/4.9.3/armv7-m/libgcc.a(_arm_addsubdf3.o)
                              ./src/main.o (__aeabi_i2d)
/Applications/Simplicity Studio.app/Contents/Eclipse/developer/toolchains/gnu_arm/4.9_2015q3/bin/../lib/gcc/arm-none-eabi/4.9.3/armv7-m/libgcc.a(_arm_muldivdf3.o)
                              ./src/main.o (__aeabi_dmul)
/Applications/Simplicity Studio.app/Contents/Eclipse/developer/toolchains/gnu_arm/4.9_2015q3/bin/../lib/gcc/arm-none-eabi/4.9.3/armv7-m/libgcc.a(_arm_fixdfsi.o)
                              ./src/main.o (__aeabi_d2iz)
/Applications/Simplicity Studio.app/Contents/Eclipse/developer/toolchains/gnu_arm/4.9_2015q3/bin/../lib/gcc/arm-none-eabi/4.9.3/armv7-m/libgcc.a(_arm_addsubsf3.o)
                              ./src/main.o (__aeabi_fsub)
/Applications/Simplicity Studio.app/Contents/Eclipse/developer/toolchains/gnu_arm/4.9_2015q3/bin/../lib/gcc/arm-none-eabi/4.9.3/armv7-m/libgcc.a(_arm_muldivsf3.o)
                              ./src/main.o (__aeabi_fmul)
/Applications/Simplicity Studio.app/Contents/Eclipse/developer/toolchains/gnu_arm/4.9_2015q3/bin/../lib/gcc/arm-none-eabi/4.9.3/armv7-m/libgcc.a(_arm_cmpsf2.o)
                              ./src/main.o (__aeabi_fcmplt)
/Applications/Simplicity Studio.app/Contents/Eclipse/developer/toolchains/gnu_arm/4.9_2015q3/bin/../lib/gcc/arm-none-eabi/4.9.3/armv7-m/libgcc.a(_arm_fixsfsi.o)
                              ./src/main.o (__aeabi_f2iz)
/Applications/Simplicity Studio.app/Contents/Eclipse/developer/toolchains/gnu_arm/4.9_2015q3/bin/../lib/gcc/arm-none-eabi/4.9.3/armv7-m/libgcc.a(_aeabi_uldivmod.o)
                              ./emlib/em_usart.o (__aeabi_uldivmod)
/Applications/Simplicity Studio.app/Contents/Eclipse/developer/toolchains/gnu_arm/4.9_2015q3/bin/../lib/gcc/arm-none-eabi/4.9.3/armv7-m/libgcc.a(bpabi.o)
                              /Applications/Simplicity Studio.app/Contents/Eclipse/developer/toolchains/gnu_arm/4.9_2015q3/bin/../lib/gcc/arm-none-eabi/4.9.3/armv7-m/libgcc.a(_aeabi_uldivmod.o) (__gnu_uldivmod_helper)
/Applications/Simplicity Studio.app/Contents/Eclipse/developer/toolchains/gnu_arm/4.9_2015q3/bin/../lib/gcc/arm-none-eabi/4.9.3/armv7-m/libgcc.a(_dvmd_tls.o)
                              /Applications/Simplicity Studio.app/Contents/Eclipse/developer/toolchains/gnu_arm/4.9_2015q3/bin/../lib/gcc/arm-none-eabi/4.9.3/armv7-m/libgcc.a(_aeabi_uldivmod.o) (__aeabi_ldiv0)
/Applications/Simplicity Studio.app/Contents/Eclipse/developer/toolchains/gnu_arm/4.9_2015q3/bin/../lib/gcc/arm-none-eabi/4.9.3/armv7-m/libgcc.a(_divdi3.o)
                              /Applications/Simplicity Studio.app/Contents/Eclipse/developer/toolchains/gnu_arm/4.9_2015q3/bin/../lib/gcc/arm-none-eabi/4.9.3/armv7-m/libgcc.a(bpabi.o) (__divdi3)
/Applications/Simplicity Studio.app/Contents/Eclipse/developer/toolchains/gnu_arm/4.9_2015q3/bin/../lib/gcc/arm-none-eabi/4.9.3/armv7-m/libgcc.a(_udivdi3.o)
                              /Applications/Simplicity Studio.app/Contents/Eclipse/developer/toolchains/gnu_arm/4.9_2015q3/bin/../lib/gcc/arm-none-eabi/4.9.3/armv7-m/libgcc.a(bpabi.o) (__udivdi3)
/Applications/Simplicity Studio.app/Contents/Eclipse/developer/toolchains/gnu_arm/4.9_2015q3/bin/../lib/gcc/arm-none-eabi/4.9.3/../../../../arm-none-eabi/lib/armv7-m/libc_nano.a(lib_a-exit.o)
                              /Applications/Simplicity Studio.app/Contents/Eclipse/developer/toolchains/gnu_arm/4.9_2015q3/bin/../lib/gcc/arm-none-eabi/4.9.3/../../../../arm-none-eabi/lib/armv7-m/crt0.o (exit)
/Applications/Simplicity Studio.app/Contents/Eclipse/developer/toolchains/gnu_arm/4.9_2015q3/bin/../lib/gcc/arm-none-eabi/4.9.3/../../../../arm-none-eabi/lib/armv7-m/libc_nano.a(lib_a-impure.o)
                              /Applications/Simplicity Studio.app/Contents/Eclipse/developer/toolchains/gnu_arm/4.9_2015q3/bin/../lib/gcc/arm-none-eabi/4.9.3/../../../../arm-none-eabi/lib/armv7-m/libc_nano.a(lib_a-exit.o) (_global_impure_ptr)
/Applications/Simplicity Studio.app/Contents/Eclipse/developer/toolchains/gnu_arm/4.9_2015q3/bin/../lib/gcc/arm-none-eabi/4.9.3/../../../../arm-none-eabi/lib/armv7-m/libc_nano.a(lib_a-init.o)
                              /Applications/Simplicity Studio.app/Contents/Eclipse/developer/toolchains/gnu_arm/4.9_2015q3/bin/../lib/gcc/arm-none-eabi/4.9.3/../../../../arm-none-eabi/lib/armv7-m/crt0.o (__libc_init_array)
/Applications/Simplicity Studio.app/Contents/Eclipse/developer/toolchains/gnu_arm/4.9_2015q3/bin/../lib/gcc/arm-none-eabi/4.9.3/../../../../arm-none-eabi/lib/armv7-m/libc_nano.a(lib_a-memset.o)
                              /Applications/Simplicity Studio.app/Contents/Eclipse/developer/toolchains/gnu_arm/4.9_2015q3/bin/../lib/gcc/arm-none-eabi/4.9.3/../../../../arm-none-eabi/lib/armv7-m/crt0.o (memset)
[...]
Memory Configuration

Name             Origin             Length             Attributes
FLASH            0x0000000000000000 0x0000000000040000 xr
RAM              0x0000000020000000 0x0000000000008000 xrw
*default*        0x0000000000000000 0xffffffffffffffff

Linker script and memory map

LOAD /Applications/Simplicity Studio.app/Contents/Eclipse/developer/toolchains/gnu_arm/4.9_2015q3/bin/../lib/gcc/arm-none-eabi/4.9.3/armv7-m/crti.o
LOAD /Applications/Simplicity Studio.app/Contents/Eclipse/developer/toolchains/gnu_arm/4.9_2015q3/bin/../lib/gcc/arm-none-eabi/4.9.3/armv7-m/crtbegin.o
LOAD /Applications/Simplicity Studio.app/Contents/Eclipse/developer/toolchains/gnu_arm/4.9_2015q3/bin/../lib/gcc/arm-none-eabi/4.9.3/../../../../arm-none-eabi/lib/armv7-m/crt0.o
LOAD ./CMSIS/EFM32LG/startup_efm32lg.o
LOAD ./CMSIS/EFM32LG/system_efm32lg.o
LOAD ./emlib/em_acmp.o
LOAD ./emlib/em_adc.o
LOAD ./emlib/em_aes.o
LOAD ./emlib/em_assert.o
LOAD ./emlib/em_burtc.o
LOAD ./emlib/em_cmu.o
LOAD ./emlib/em_cryotimer.o
LOAD ./emlib/em_crypto.o
LOAD ./emlib/em_dac.o
LOAD ./emlib/em_dbg.o
LOAD ./emlib/em_dma.o
LOAD ./emlib/em_ebi.o
LOAD ./emlib/em_emu.o
LOAD ./emlib/em_gpcrc.o
LOAD ./emlib/em_gpio.o
LOAD ./emlib/em_i2c.o
LOAD ./emlib/em_idac.o
LOAD ./emlib/em_int.o
LOAD ./emlib/em_lcd.o
LOAD ./emlib/em_ldma.o
LOAD ./emlib/em_lesense.o
LOAD ./emlib/em_letimer.o
LOAD ./emlib/em_leuart.o
LOAD ./emlib/em_mpu.o
LOAD ./emlib/em_msc.o
LOAD ./emlib/em_opamp.o
LOAD ./emlib/em_pcnt.o
LOAD ./emlib/em_prs.o
LOAD ./emlib/em_rmu.o
LOAD ./emlib/em_rtc.o
LOAD ./emlib/em_rtcc.o
LOAD ./emlib/em_system.o
LOAD ./emlib/em_timer.o
LOAD ./emlib/em_usart.o
LOAD ./emlib/em_vcmp.o
LOAD ./emlib/em_wdog.o
LOAD ./src/main.o
START GROUP
LOAD /Applications/Simplicity Studio.app/Contents/Eclipse/developer/toolchains/gnu_arm/4.9_2015q3/bin/../lib/gcc/arm-none-eabi/4.9.3/armv7-m/libgcc.a
LOAD /Applications/Simplicity Studio.app/Contents/Eclipse/developer/toolchains/gnu_arm/4.9_2015q3/bin/../lib/gcc/arm-none-eabi/4.9.3/../../../../arm-none-eabi/lib/armv7-m/libc_nano.a
LOAD /Applications/Simplicity Studio.app/Contents/Eclipse/developer/toolchains/gnu_arm/4.9_2015q3/bin/../lib/gcc/arm-none-eabi/4.9.3/../../../../arm-none-eabi/lib/armv7-m/libnosys.a
END GROUP
START GROUP
LOAD /Applications/Simplicity Studio.app/Contents/Eclipse/developer/toolchains/gnu_arm/4.9_2015q3/bin/../lib/gcc/arm-none-eabi/4.9.3/armv7-m/libgcc.a
LOAD /Applications/Simplicity Studio.app/Contents/Eclipse/developer/toolchains/gnu_arm/4.9_2015q3/bin/../lib/gcc/arm-none-eabi/4.9.3/../../../../arm-none-eabi/lib/armv7-m/libg_nano.a
LOAD /Applications/Simplicity Studio.app/Contents/Eclipse/developer/toolchains/gnu_arm/4.9_2015q3/bin/../lib/gcc/arm-none-eabi/4.9.3/../../../../arm-none-eabi/lib/armv7-m/libc_nano.a
END GROUP
START GROUP
LOAD /Applications/Simplicity Studio.app/Contents/Eclipse/developer/toolchains/gnu_arm/4.9_2015q3/bin/../lib/gcc/arm-none-eabi/4.9.3/armv7-m/libgcc.a
LOAD /Applications/Simplicity Studio.app/Contents/Eclipse/developer/toolchains/gnu_arm/4.9_2015q3/bin/../lib/gcc/arm-none-eabi/4.9.3/../../../../arm-none-eabi/lib/armv7-m/libc_nano.a
END GROUP
LOAD /Applications/Simplicity Studio.app/Contents/Eclipse/developer/toolchains/gnu_arm/4.9_2015q3/bin/../lib/gcc/arm-none-eabi/4.9.3/armv7-m/crtend.o
LOAD /Applications/Simplicity Studio.app/Contents/Eclipse/developer/toolchains/gnu_arm/4.9_2015q3/bin/../lib/gcc/arm-none-eabi/4.9.3/armv7-m/crtn.o

.text           0x0000000000000000     0x4964
 *(.vectors)
 .vectors       0x0000000000000000       0xe0 ./CMSIS/EFM32LG/startup_efm32lg.o
                0x0000000000000000                __Vectors
                0x00000000000000e0                __Vectors_End = .
                0x00000000000000e0                __Vectors_Size = (__Vectors_End - __Vectors)
                0x00000000000000e0                __end__ = .
 *(.text*)
 .text          0x00000000000000e0       0x5c /Applications/Simplicity Studio.app/Contents/Eclipse/developer/toolchains/gnu_arm/4.9_2015q3/bin/../lib/gcc/arm-none-eabi/4.9.3/armv7-m/crtbegin.o
 .text          0x000000000000013c       0x74 /Applications/Simplicity Studio.app/Contents/Eclipse/developer/toolchains/gnu_arm/4.9_2015q3/bin/../lib/gcc/arm-none-eabi/4.9.3/../../../../arm-none-eabi/lib/armv7-m/crt0.o
                0x000000000000013c                _mainCRTStartup
                0x000000000000013c                _start
 .text          0x00000000000001b0       0x30 ./CMSIS/EFM32LG/startup_efm32lg.o
                0x00000000000001b0                Reset_Handler
                0x00000000000001dc                DebugMon_Handler
                0x00000000000001dc                USART0_TX_IRQHandler
                0x00000000000001dc                I2C0_IRQHandler
                0x00000000000001dc                HardFault_Handler
                0x00000000000001dc                LEUART1_IRQHandler
                0x00000000000001dc                SysTick_Handler
                0x00000000000001dc                USART1_RX_IRQHandler
                0x00000000000001dc                PendSV_Handler
                0x00000000000001dc                NMI_Handler
                0x00000000000001dc                I2C1_IRQHandler
                0x00000000000001dc                TIMER3_IRQHandler
                0x00000000000001dc                USART1_TX_IRQHandler
                0x00000000000001dc                MSC_IRQHandler
                0x00000000000001dc                ADC0_IRQHandler
                0x00000000000001dc                UsageFault_Handler
                0x00000000000001dc                LEUART0_IRQHandler
                0x00000000000001dc                GPIO_EVEN_IRQHandler
                0x00000000000001dc                UART0_TX_IRQHandler
                0x00000000000001dc                UART1_TX_IRQHandler
                0x00000000000001dc                RTC_IRQHandler
                0x00000000000001dc                TIMER0_IRQHandler
                0x00000000000001dc                LCD_IRQHandler
                0x00000000000001dc                PCNT2_IRQHandler
                0x00000000000001dc                UART0_RX_IRQHandler
                0x00000000000001dc                TIMER1_IRQHandler
                0x00000000000001dc                USART2_RX_IRQHandler
                0x00000000000001dc                Default_Handler
                0x00000000000001dc                EMU_IRQHandler
                0x00000000000001dc                PCNT0_IRQHandler
                0x00000000000001dc                USB_IRQHandler
                0x00000000000001dc                BURTC_IRQHandler
                0x00000000000001dc                PCNT1_IRQHandler
                0x00000000000001dc                ACMP0_IRQHandler
                0x00000000000001dc                USART0_RX_IRQHandler
                0x00000000000001dc                MemManage_Handler
                0x00000000000001dc                SVC_Handler
                0x00000000000001dc                DAC0_IRQHandler
                0x00000000000001dc                UART1_RX_IRQHandler
                0x00000000000001dc                CMU_IRQHandler
                0x00000000000001dc                EBI_IRQHandler
                0x00000000000001dc                LESENSE_IRQHandler
                0x00000000000001dc                AES_IRQHandler
                0x00000000000001dc                VCMP_IRQHandler
                0x00000000000001dc                BusFault_Handler
                0x00000000000001dc                TIMER2_IRQHandler
                0x00000000000001dc                USART2_TX_IRQHandler
 .text.GetProdRev
                0x00000000000001e0       0x1c ./CMSIS/EFM32LG/system_efm32lg.o
 .text.SystemCoreClockGet
                0x00000000000001fc       0x34 ./CMSIS/EFM32LG/system_efm32lg.o
                0x00000000000001fc                SystemCoreClockGet
 .text.SystemMaxCoreClockGet
                0x0000000000000230       0x14 ./CMSIS/EFM32LG/system_efm32lg.o
                0x0000000000000230                SystemMaxCoreClockGet
 .text.SystemHFClockGet
                0x0000000000000244      0x100 ./CMSIS/EFM32LG/system_efm32lg.o
                0x0000000000000244                SystemHFClockGet
 .text.SystemHFXOClockGet
                0x0000000000000344       0x18 ./CMSIS/EFM32LG/system_efm32lg.o
                0x0000000000000344                SystemHFXOClockGet
 .text.SystemInit
                0x000000000000035c        0xc ./CMSIS/EFM32LG/system_efm32lg.o
                0x000000000000035c                SystemInit
 .text.SystemLFRCOClockGet
                0x0000000000000368       0x14 ./CMSIS/EFM32LG/system_efm32lg.o
                0x0000000000000368                SystemLFRCOClockGet
 .text.SystemULFRCOClockGet
                0x000000000000037c       0x14 ./CMSIS/EFM32LG/system_efm32lg.o
                0x000000000000037c                SystemULFRCOClockGet
 .text.SystemLFXOClockGet
                0x0000000000000390       0x18 ./CMSIS/EFM32LG/system_efm32lg.o
                0x0000000000000390                SystemLFXOClockGet
 .text.ADC_LoadDevinfoCal
                0x00000000000003a8      0x120 ./emlib/em_adc.o
 .text.ADC_Init
                0x00000000000004c8       0x88 ./emlib/em_adc.o
                0x00000000000004c8                ADC_Init
 .text.ADC_InitSingle
                0x0000000000000550       0x9c ./emlib/em_adc.o
                0x0000000000000550                ADC_InitSingle
 .text.ADC_PrescaleCalc
                0x00000000000005ec       0x64 ./emlib/em_adc.o
                0x00000000000005ec                ADC_PrescaleCalc
 .text.ADC_TimebaseCalc
                0x0000000000000650       0x60 ./emlib/em_adc.o
                0x0000000000000650                ADC_TimebaseCalc
 .text.BUS_RegBitWrite
                0x00000000000006b0       0x2c ./emlib/em_cmu.o
 .text.BUS_RegBitRead
                0x00000000000006dc       0x2c ./emlib/em_cmu.o
 .text.CMU_DivToLog2
                0x0000000000000708       0x34 ./emlib/em_cmu.o
 .text.SYSTEM_GetProdRev
                0x000000000000073c       0x1c ./emlib/em_cmu.o
 .text.SYSTEM_GetFamily
                0x0000000000000758       0x20 ./emlib/em_cmu.o
 .text.maxFreqHfle
                0x0000000000000778       0x78 ./emlib/em_cmu.o
 .text.setHfLeConfig
                0x00000000000007f0       0x3c ./emlib/em_cmu.o
 .text.getHfLeConfig
                0x000000000000082c       0x2c ./emlib/em_cmu.o
 .text.auxClkGet
                0x0000000000000858       0xb0 ./emlib/em_cmu.o
 .text.dbgClkGet
                0x0000000000000908       0x40 ./emlib/em_cmu.o
 .text.flashWaitStateControl
                0x0000000000000948       0xb8 ./emlib/em_cmu.o
 .text.flashWaitStateMax
                0x0000000000000a00       0x14 ./emlib/em_cmu.o
 .text.lfClkGet
                0x0000000000000a14       0xec ./emlib/em_cmu.o
 .text.syncReg  0x0000000000000b00       0x34 ./emlib/em_cmu.o
 .text.usbCClkGet
                0x0000000000000b34       0x4c ./emlib/em_cmu.o
 .text.CMU_ClockEnable
                0x0000000000000b80       0xd8 ./emlib/em_cmu.o
                0x0000000000000b80                CMU_ClockEnable
 .text.CMU_ClockFreqGet
                0x0000000000000c58      0x1d8 ./emlib/em_cmu.o
                0x0000000000000c58                CMU_ClockFreqGet
 .text.CMU_ClockSelectGet
                0x0000000000000e30      0x15c ./emlib/em_cmu.o
                0x0000000000000e30                CMU_ClockSelectGet
 .text.CMU_ClockSelectSet
                0x0000000000000f8c      0x2b8 ./emlib/em_cmu.o
                0x0000000000000f8c                CMU_ClockSelectSet
 .text.CMU_HFRCOBandSet
                0x0000000000001244       0xe4 ./emlib/em_cmu.o
                0x0000000000001244                CMU_HFRCOBandSet
 .text.CMU_OscillatorEnable
                0x0000000000001328       0xc0 ./emlib/em_cmu.o
                0x0000000000001328                CMU_OscillatorEnable
 .text.NVIC_EnableIRQ
                0x00000000000013e8       0x30 ./emlib/em_dma.o
 .text.NVIC_DisableIRQ
                0x0000000000001418       0x34 ./emlib/em_dma.o
 .text.NVIC_ClearPendingIRQ
                0x000000000000144c       0x34 ./emlib/em_dma.o
 .text.BUS_RegBitWrite
                0x0000000000001480       0x2c ./emlib/em_dma.o
 .text.DMA_Prepare
                0x00000000000014ac      0x114 ./emlib/em_dma.o
 .text.DMA_IRQHandler
                0x00000000000015c0       0xd8 ./emlib/em_dma.o
                0x00000000000015c0                DMA_IRQHandler
 .text.DMA_ActivateBasic
                0x0000000000001698       0x44 ./emlib/em_dma.o
                0x0000000000001698                DMA_ActivateBasic
 .text.DMA_CfgChannel
                0x00000000000016dc       0x90 ./emlib/em_dma.o
                0x00000000000016dc                DMA_CfgChannel
 .text.DMA_CfgDescr
                0x000000000000176c       0x70 ./emlib/em_dma.o
                0x000000000000176c                DMA_CfgDescr
 .text.DMA_Init
                0x00000000000017dc       0x54 ./emlib/em_dma.o
                0x00000000000017dc                DMA_Init
 .text.DMA_Reset
                0x0000000000001830       0x88 ./emlib/em_dma.o
                0x0000000000001830                DMA_Reset
 .text.SystemCoreClockUpdate
                0x00000000000018b8        0xc ./emlib/em_emu.o
 .text.CMU_Lock
                0x00000000000018c4       0x18 ./emlib/em_emu.o
 .text.CMU_Unlock
                0x00000000000018dc       0x1c ./emlib/em_emu.o
 .text.emuRestore
                0x00000000000018f8       0xf0 ./emlib/em_emu.o
 .text.getErrataFixEmuE107En
                0x00000000000019e8       0x64 ./emlib/em_emu.o
 .text.EMU_EnterEM2
                0x0000000000001a4c       0x9c ./emlib/em_emu.o
                0x0000000000001a4c                EMU_EnterEM2
 .text.EMU_EnterEM3
                0x0000000000001ae8       0xbc ./emlib/em_emu.o
                0x0000000000001ae8                EMU_EnterEM3
 .text.EMU_UpdateOscConfig
                0x0000000000001ba4       0x1c ./emlib/em_emu.o
                0x0000000000001ba4                EMU_UpdateOscConfig
 .text.BUS_RegBitWrite
                0x0000000000001bc0       0x2c ./emlib/em_gpio.o
 .text.BUS_RegMaskedWrite
                0x0000000000001bec       0x28 ./emlib/em_gpio.o
 .text.GPIO_PinOutClear
                0x0000000000001c14       0x58 ./emlib/em_gpio.o
 .text.GPIO_PinOutSet
                0x0000000000001c6c       0x58 ./emlib/em_gpio.o
 .text.GPIO_DriveModeSet
                0x0000000000001cc4       0x70 ./emlib/em_gpio.o
                0x0000000000001cc4                GPIO_DriveModeSet
 .text.GPIO_ExtIntConfig
                0x0000000000001d34       0xd0 ./emlib/em_gpio.o
                0x0000000000001d34                GPIO_ExtIntConfig
 .text.GPIO_PinModeSet
                0x0000000000001e04      0x10c ./emlib/em_gpio.o
                0x0000000000001e04                GPIO_PinModeSet
 .text.BUS_RegBitWrite
                0x0000000000001f10       0x2c ./emlib/em_i2c.o
 .text.BUS_RegMaskedWrite
                0x0000000000001f3c       0x28 ./emlib/em_i2c.o
 .text.I2C_BusFreqSet
                0x0000000000001f64       0xfc ./emlib/em_i2c.o
                0x0000000000001f64                I2C_BusFreqSet
 .text.I2C_Init
                0x0000000000002060       0x78 ./emlib/em_i2c.o
                0x0000000000002060                I2C_Init
 .text.I2C_Transfer
                0x00000000000020d8      0x44c ./emlib/em_i2c.o
                0x00000000000020d8                I2C_Transfer
 .text.I2C_TransferInit
                0x0000000000002524       0xe4 ./emlib/em_i2c.o
                0x0000000000002524                I2C_TransferInit
 .text.LETIMER_CompareSet
                0x0000000000002608       0x58 ./emlib/em_letimer.o
                0x0000000000002608                LETIMER_CompareSet
 .text.LETIMER_FreezeEnable
                0x0000000000002660       0x34 ./emlib/em_letimer.o
                0x0000000000002660                LETIMER_FreezeEnable
 .text.LETIMER_Init
                0x0000000000002694       0xf0 ./emlib/em_letimer.o
                0x0000000000002694                LETIMER_Init
 .text.LETIMER_RepeatSet
                0x0000000000002784       0x58 ./emlib/em_letimer.o
                0x0000000000002784                LETIMER_RepeatSet
 .text.LETIMER_Reset
                0x00000000000027dc       0x50 ./emlib/em_letimer.o
                0x00000000000027dc                LETIMER_Reset
 .text.SYSTEM_ChipRevisionGet
                0x000000000000282c       0x74 ./emlib/em_system.o
                0x000000000000282c                SYSTEM_ChipRevisionGet
 .text.TIMER_Init
                0x00000000000028a0      0x10c ./emlib/em_timer.o
                0x00000000000028a0                TIMER_Init
 .text.TIMER_Reset
                0x00000000000029ac       0xd8 ./emlib/em_timer.o
                0x00000000000029ac                TIMER_Reset
 .text.NVIC_EnableIRQ
                0x0000000000002a84       0x30 ./src/main.o
 .text.NVIC_DisableIRQ
                0x0000000000002ab4       0x34 ./src/main.o
 .text.NVIC_ClearPendingIRQ
                0x0000000000002ae8       0x34 ./src/main.o
 .text.GPIO_IntClear
                0x0000000000002b1c       0x20 ./src/main.o
 .text.GPIO_IntGet
                0x0000000000002b3c       0x18 ./src/main.o
 .text.GPIO_PinOutClear
                0x0000000000002b54       0x58 ./src/main.o
 .text.GPIO_PinOutSet
                0x0000000000002bac       0x58 ./src/main.o
 .text.GPIO_IntConfig
                0x0000000000002c04       0x38 ./src/main.o
 .text.CHIP_Init
                0x0000000000002c3c       0x40 ./src/main.o
 .text.INT_Disable
                0x0000000000002c7c       0x2c ./src/main.o
 .text.INT_Enable
                0x0000000000002ca8       0x3c ./src/main.o
 .text.EMU_EnterEM1
                0x0000000000002ce4       0x20 ./src/main.o
 .text.LETIMER_CounterGet
                0x0000000000002d04       0x18 ./src/main.o
 .text.LETIMER_IntClear
                0x0000000000002d1c       0x1c ./src/main.o
 .text.LETIMER_IntEnable
                0x0000000000002d38       0x20 ./src/main.o
 .text.LETIMER_IntGetEnabled
                0x0000000000002d58       0x24 ./src/main.o
 .text.TIMER_CounterGet
                0x0000000000002d7c       0x18 ./src/main.o
 .text.TIMER_CounterSet
                0x0000000000002d94       0x1c ./src/main.o
 .text.TIMER_TopGet
                0x0000000000002db0       0x18 ./src/main.o
 .text.ADC_Start
                0x0000000000002dc8       0x1c ./src/main.o
 .text.sleep    0x0000000000002de4       0x4c ./src/main.o
                0x0000000000002de4                sleep
 .text.Set_Sleep_Mode
                0x0000000000002e30       0x2c ./src/main.o
                0x0000000000002e30                Set_Sleep_Mode
 .text.Clear_Sleep_Mode
                0x0000000000002e5c       0x2c ./src/main.o
                0x0000000000002e5c                Clear_Sleep_Mode
 .text.ulfrco_calibration
                0x0000000000002e88      0x2c4 ./src/main.o
                0x0000000000002e88                ulfrco_calibration
 .text.CMU_Setup
                0x000000000000314c       0xec ./src/main.o
                0x000000000000314c                CMU_Setup
 .text.LETIMER_Setup
                0x0000000000003238      0x100 ./src/main.o
                0x0000000000003238                LETIMER_Setup
 .text.LETIMER0_IRQHandler
                0x0000000000003338       0x98 ./src/main.o
                0x0000000000003338                LETIMER0_IRQHandler
 .text.ACMP_Setup
                0x00000000000033d0        0xc ./src/main.o
                0x00000000000033d0                ACMP_Setup
 .text.ADC_Setup
                0x00000000000033dc       0x94 ./src/main.o
                0x00000000000033dc                ADC_Setup
 .text.ADCdmaTransferDone
                0x0000000000003470       0x88 ./src/main.o
                0x0000000000003470                ADCdmaTransferDone
 .text.convertCelsius
                0x00000000000034f8       0x6c ./src/main.o
                0x00000000000034f8                convertCelsius
 .text.DMA_Setup
                0x0000000000003564       0x88 ./src/main.o
                0x0000000000003564                DMA_Setup
 .text.GPIO_Setup
                0x00000000000035ec       0x80 ./src/main.o
                0x00000000000035ec                GPIO_Setup
 .text.LED_On   0x000000000000366c       0x10 ./src/main.o
                0x000000000000366c                LED_On
 .text.LED_Off  0x000000000000367c       0x10 ./src/main.o
                0x000000000000367c                LED_Off
 .text.LED1_On  0x000000000000368c       0x10 ./src/main.o
                0x000000000000368c                LED1_On
 .text.LED1_Off
                0x000000000000369c       0x10 ./src/main.o
                0x000000000000369c                LED1_Off
 .text.TempLed1_Control
                0x00000000000036ac       0x34 ./src/main.o
                0x00000000000036ac                TempLed1_Control
 .text.i2c_WriteByte
                0x00000000000036e0       0x50 ./src/main.o
                0x00000000000036e0                i2c_WriteByte
 .text.i2c_ReadByte
                0x0000000000003730       0x70 ./src/main.o
                0x0000000000003730                i2c_ReadByte
 .text.Enable_TSL2651
                0x00000000000037a0      0x140 ./src/main.o
                0x00000000000037a0                Enable_TSL2651
 .text.Disable_TSL2651
                0x00000000000038e0       0x88 ./src/main.o
                0x00000000000038e0                Disable_TSL2651
 .text.GPIO_ODD_IRQHandler
                0x0000000000003968       0xc4 ./src/main.o
                0x0000000000003968                GPIO_ODD_IRQHandler
 .text.I2C_Setup
                0x0000000000003a2c       0x60 ./src/main.o
                0x0000000000003a2c                I2C_Setup
 .text.main     0x0000000000003a8c       0x28 ./src/main.o
                0x0000000000003a8c                main
 .text          0x0000000000003ab4      0x370 /Applications/Simplicity Studio.app/Contents/Eclipse/developer/toolchains/gnu_arm/4.9_2015q3/bin/../lib/gcc/arm-none-eabi/4.9.3/armv7-m/libgcc.a(_arm_addsubdf3.o)
                0x0000000000003ab4                __aeabi_drsub
                0x0000000000003abc                __subdf3
                0x0000000000003abc                __aeabi_dsub
                0x0000000000003ac0                __aeabi_dadd
                0x0000000000003ac0                __adddf3
                0x0000000000003d38                __aeabi_ui2d
                0x0000000000003d38                __floatunsidf
                0x0000000000003d58                __floatsidf
                0x0000000000003d58                __aeabi_i2d
                0x0000000000003d7c                __extendsfdf2
                0x0000000000003d7c                __aeabi_f2d
                0x0000000000003db8                __aeabi_ul2d
                0x0000000000003db8                __floatundidf
                0x0000000000003dc8                __aeabi_l2d
                0x0000000000003dc8                __floatdidf
 .text          0x0000000000003e24      0x424 /Applications/Simplicity Studio.app/Contents/Eclipse/developer/toolchains/gnu_arm/4.9_2015q3/bin/../lib/gcc/arm-none-eabi/4.9.3/armv7-m/libgcc.a(_arm_muldivdf3.o)
                0x0000000000003e24                __aeabi_dmul
                0x0000000000003e24                __muldf3
                0x0000000000004078                __aeabi_ddiv
                0x0000000000004078                __divdf3
 .text          0x0000000000004248       0x50 /Applications/Simplicity Studio.app/Contents/Eclipse/developer/toolchains/gnu_arm/4.9_2015q3/bin/../lib/gcc/arm-none-eabi/4.9.3/armv7-m/libgcc.a(_arm_fixdfsi.o)
                0x0000000000004248                __fixdfsi
                0x0000000000004248                __aeabi_d2iz
 .text          0x0000000000004298      0x21c /Applications/Simplicity Studio.app/Contents/Eclipse/developer/toolchains/gnu_arm/4.9_2015q3/bin/../lib/gcc/arm-none-eabi/4.9.3/armv7-m/libgcc.a(_arm_addsubsf3.o)
                0x0000000000004298                __aeabi_frsub
                0x00000000000042a0                __aeabi_fsub
                0x00000000000042a0                __subsf3
                0x00000000000042a4                __aeabi_fadd
                0x00000000000042a4                __addsf3
                0x0000000000004404                __aeabi_ui2f
                0x0000000000004404                __floatunsisf
                0x000000000000440c                __floatsisf
                0x000000000000440c                __aeabi_i2f
                0x0000000000004428                __aeabi_ul2f
                0x0000000000004428                __floatundisf
                0x0000000000004438                __aeabi_l2f
                0x0000000000004438                __floatdisf
 .text          0x00000000000044b4      0x2a0 /Applications/Simplicity Studio.app/Contents/Eclipse/developer/toolchains/gnu_arm/4.9_2015q3/bin/../lib/gcc/arm-none-eabi/4.9.3/armv7-m/libgcc.a(_arm_muldivsf3.o)
                0x00000000000044b4                __mulsf3
                0x00000000000044b4                __aeabi_fmul
                0x000000000000461c                __divsf3
                0x000000000000461c                __aeabi_fdiv
 .text          0x0000000000004754       0xec /Applications/Simplicity Studio.app/Contents/Eclipse/developer/toolchains/gnu_arm/4.9_2015q3/bin/../lib/gcc/arm-none-eabi/4.9.3/armv7-m/libgcc.a(_arm_cmpsf2.o)
                0x0000000000004754                __gesf2
                0x0000000000004754                __gtsf2
                0x000000000000475c                __ltsf2
                0x000000000000475c                __lesf2
                0x0000000000004764                __nesf2
                0x0000000000004764                __eqsf2
                0x0000000000004764                __cmpsf2
                0x00000000000047c4                __aeabi_cfrcmple
                0x00000000000047cc                __aeabi_cfcmpeq
                0x00000000000047cc                __aeabi_cfcmple
                0x00000000000047dc                __aeabi_fcmpeq
                0x00000000000047f0                __aeabi_fcmplt
                0x0000000000004804                __aeabi_fcmple
                0x0000000000004818                __aeabi_fcmpge
                0x000000000000482c                __aeabi_fcmpgt
 .text          0x0000000000004840       0x4c /Applications/Simplicity Studio.app/Contents/Eclipse/developer/toolchains/gnu_arm/4.9_2015q3/bin/../lib/gcc/arm-none-eabi/4.9.3/armv7-m/libgcc.a(_arm_fixsfsi.o)
                0x0000000000004840                __fixsfsi
                0x0000000000004840                __aeabi_f2iz
 .text.exit     0x000000000000488c       0x28 /Applications/Simplicity Studio.app/Contents/Eclipse/developer/toolchains/gnu_arm/4.9_2015q3/bin/../lib/gcc/arm-none-eabi/4.9.3/../../../../arm-none-eabi/lib/armv7-m/libc_nano.a(lib_a-exit.o)
                0x000000000000488c                exit
 .text.__libc_init_array
                0x00000000000048b4       0x4c /Applications/Simplicity Studio.app/Contents/Eclipse/developer/toolchains/gnu_arm/4.9_2015q3/bin/../lib/gcc/arm-none-eabi/4.9.3/../../../../arm-none-eabi/lib/armv7-m/libc_nano.a(lib_a-init.o)
                0x00000000000048b4                __libc_init_array
 .text.memset   0x0000000000004900       0x10 /Applications/Simplicity Studio.app/Contents/Eclipse/developer/toolchains/gnu_arm/4.9_2015q3/bin/../lib/gcc/arm-none-eabi/4.9.3/../../../../arm-none-eabi/lib/armv7-m/libc_nano.a(lib_a-memset.o)
                0x0000000000004900                memset
 .text._exit    0x0000000000004910        0x4 /Applications/Simplicity Studio.app/Contents/Eclipse/developer/toolchains/gnu_arm/4.9_2015q3/bin/../lib/gcc/arm-none-eabi/4.9.3/../../../../arm-none-eabi/lib/armv7-m/libnosys.a(_exit.o)
                0x0000000000004910                _exit
 *(.init)
 .init          0x0000000000004914        0x4 /Applications/Simplicity Studio.app/Contents/Eclipse/developer/toolchains/gnu_arm/4.9_2015q3/bin/../lib/gcc/arm-none-eabi/4.9.3/armv7-m/crti.o
                0x0000000000004914                _init
 .init          0x0000000000004918        0x8 /Applications/Simplicity Studio.app/Contents/Eclipse/developer/toolchains/gnu_arm/4.9_2015q3/bin/../lib/gcc/arm-none-eabi/4.9.3/armv7-m/crtn.o
 *(.fini)
 .fini          0x0000000000004920        0x4 /Applications/Simplicity Studio.app/Contents/Eclipse/developer/toolchains/gnu_arm/4.9_2015q3/bin/../lib/gcc/arm-none-eabi/4.9.3/armv7-m/crti.o
                0x0000000000004920                _fini
 .fini          0x0000000000004924        0x8 /Applications/Simplicity Studio.app/Contents/Eclipse/developer/toolchains/gnu_arm/4.9_2015q3/bin/../lib/gcc/arm-none-eabi/4.9.3/armv7-m/crtn.o
 *crtbegin.o(.ctors)
 *crtbegin?.o(.ctors)
 *(EXCLUDE_FILE(*crtend.o *crtend?.o) .ctors)
 *(SORT(.ctors.*))
 *(.ctors)
 *crtbegin.o(.dtors)
 *crtbegin?.o(.dtors)
 *(EXCLUDE_FILE(*crtend.o *crtend?.o) .dtors)
 *(SORT(.dtors.*))
 *(.dtors)
 *(.rodata*)
 .rodata.i2cNSum
                0x000000000000492c        0x4 ./emlib/em_i2c.o
 .rodata        0x0000000000004930       0x28 ./src/main.o
 .rodata.str1.1
                0x0000000000004958        0x2 /Applications/Simplicity Studio.app/Contents/Eclipse/developer/toolchains/gnu_arm/4.9_2015q3/bin/../lib/gcc/arm-none-eabi/4.9.3/../../../../arm-none-eabi/lib/armv7-m/libc_nano.a(lib_a-impure.o)
 *fill*         0x000000000000495a        0x2 
 .rodata._global_impure_ptr
                0x000000000000495c        0x4 /Applications/Simplicity Studio.app/Contents/Eclipse/developer/toolchains/gnu_arm/4.9_2015q3/bin/../lib/gcc/arm-none-eabi/4.9.3/../../../../arm-none-eabi/lib/armv7-m/libc_nano.a(lib_a-impure.o)
                0x000000000000495c                _global_impure_ptr
 *(.eh_frame*)
 .eh_frame      0x0000000000004960        0x0 /Applications/Simplicity Studio.app/Contents/Eclipse/developer/toolchains/gnu_arm/4.9_2015q3/bin/../lib/gcc/arm-none-eabi/4.9.3/armv7-m/crtbegin.o
 .eh_frame      0x0000000000004960        0x4 /Applications/Simplicity Studio.app/Contents/Eclipse/developer/toolchains/gnu_arm/4.9_2015q3/bin/../lib/gcc/arm-none-eabi/4.9.3/armv7-m/crtend.o

.glue_7         0x0000000000004964        0x0
 .glue_7        0x0000000000000000        0x0 linker stubs

.glue_7t        0x0000000000004964        0x0
 .glue_7t       0x0000000000000000        0x0 linker stubs

.vfp11_veneer   0x0000000000004964        0x0
 .vfp11_veneer  0x0000000000000000        0x0 linker stubs

.v4_bx          0x0000000000004964        0x0
 .v4_bx         0x0000000000000000        0x0 linker stubs

.iplt           0x0000000000004964        0x0
 .iplt          0x0000000000000000        0x0 /Applications/Simplicity Studio.app/Contents/Eclipse/developer/toolchains/gnu_arm/4.9_2015q3/bin/../lib/gcc/arm-none-eabi/4.9.3/armv7-m/crtbegin.o

.ARM.extab
 *(.ARM.extab* .gnu.linkonce.armextab.*)
                0x0000000000004964                __exidx_start = .

.ARM.exidx      0x0000000000004964        0x8
 *(.ARM.exidx* .gnu.linkonce.armexidx.*)
 .ARM.exidx     0x0000000000004964        0x8 /Applications/Simplicity Studio.app/Contents/Eclipse/developer/toolchains/gnu_arm/4.9_2015q3/bin/../lib/gcc/arm-none-eabi/4.9.3/../../../../arm-none-eabi/lib/armv7-m/crt0.o
                0x000000000000496c                __exidx_end = .
                0x000000000000496c                __etext = .

.rel.dyn        0x000000000000496c        0x0
 .rel.iplt      0x0000000000000000        0x0 /Applications/Simplicity Studio.app/Contents/Eclipse/developer/toolchains/gnu_arm/4.9_2015q3/bin/../lib/gcc/arm-none-eabi/4.9.3/armv7-m/crtbegin.o

.data           0x0000000020000000       0x80 load address 0x000000000000496c
                0x0000000020000000                __data_start__ = .
 *(vtable)
 *(.data*)
 .data.SystemHFXOClock
                0x0000000020000000        0x4 ./CMSIS/EFM32LG/system_efm32lg.o
 .data.SystemLFXOClock
                0x0000000020000004        0x4 ./CMSIS/EFM32LG/system_efm32lg.o
 .data.EM_State
                0x0000000020000008        0x1 ./src/main.o
                0x0000000020000008                EM_State
 *fill*         0x0000000020000009        0x3 
 .data.CAL      0x000000002000000c        0x4 ./src/main.o
                0x000000002000000c                CAL
 .data.avrgTemp
                0x0000000020000010        0x4 ./src/main.o
                0x0000000020000010                avrgTemp
 .data.impure_data
                0x0000000020000014       0x60 /Applications/Simplicity Studio.app/Contents/Eclipse/developer/toolchains/gnu_arm/4.9_2015q3/bin/../lib/gcc/arm-none-eabi/4.9.3/../../../../arm-none-eabi/lib/armv7-m/libc_nano.a(lib_a-impure.o)
                0x0000000020000074                . = ALIGN (0x4)
 *(.ram)
                0x0000000020000074                . = ALIGN (0x4)
                0x0000000020000074                PROVIDE (__preinit_array_start, .)
 *(.preinit_array)
                0x0000000020000074                PROVIDE (__preinit_array_end, .)
                0x0000000020000074                . = ALIGN (0x4)
                0x0000000020000074                PROVIDE (__init_array_start, .)
 *(SORT(.init_array.*))
 *(.init_array)
 .init_array    0x0000000020000074        0x4 /Applications/Simplicity Studio.app/Contents/Eclipse/developer/toolchains/gnu_arm/4.9_2015q3/bin/../lib/gcc/arm-none-eabi/4.9.3/armv7-m/crtbegin.o
                0x0000000020000078                PROVIDE (__init_array_end, .)
                0x0000000020000078                . = ALIGN (0x4)
                0x0000000020000078                PROVIDE (__fini_array_start, .)
 *(SORT(.fini_array.*))
 *(.fini_array)
 .fini_array    0x0000000020000078        0x4 /Applications/Simplicity Studio.app/Contents/Eclipse/developer/toolchains/gnu_arm/4.9_2015q3/bin/../lib/gcc/arm-none-eabi/4.9.3/armv7-m/crtbegin.o
                0x000000002000007c                PROVIDE (__fini_array_end, .)
 *(.jcr*)
 .jcr           0x000000002000007c        0x0 /Applications/Simplicity Studio.app/Contents/Eclipse/developer/toolchains/gnu_arm/4.9_2015q3/bin/../lib/gcc/arm-none-eabi/4.9.3/armv7-m/crtbegin.o
 .jcr           0x000000002000007c        0x4 /Applications/Simplicity Studio.app/Contents/Eclipse/developer/toolchains/gnu_arm/4.9_2015q3/bin/../lib/gcc/arm-none-eabi/4.9.3/armv7-m/crtend.o
                0x0000000020000080                . = ALIGN (0x4)
                0x0000000020000080                __data_end__ = .

.igot.plt       0x0000000020000080        0x0 load address 0x00000000000049ec
 .igot.plt      0x0000000000000000        0x0 /Applications/Simplicity Studio.app/Contents/Eclipse/developer/toolchains/gnu_arm/4.9_2015q3/bin/../lib/gcc/arm-none-eabi/4.9.3/armv7-m/crtbegin.o

.bss            0x0000000020000100      0xbf4 load address 0x0000000000004b00
                0x0000000020000100                . = ALIGN (0x4)
                0x0000000020000100                __bss_start__ = .
 *(.bss*)
 .bss           0x0000000020000100       0x1c /Applications/Simplicity Studio.app/Contents/Eclipse/developer/toolchains/gnu_arm/4.9_2015q3/bin/../lib/gcc/arm-none-eabi/4.9.3/armv7-m/crtbegin.o
 .bss.cmuStatus
                0x000000002000011c        0x4 ./emlib/em_emu.o
 .bss.i2cTransfer
                0x0000000020000120       0x18 ./emlib/em_i2c.o
 .bss.INT_LockCnt
                0x0000000020000138        0x4 ./emlib/em_int.o
                0x0000000020000138                INT_LockCnt
 .bss.ULFRCO_CAL
                0x000000002000013c        0x4 ./src/main.o
                0x000000002000013c                ULFRCO_CAL
 .bss.prescaler
                0x0000000020000140        0x4 ./src/main.o
                0x0000000020000140                prescaler
 .bss.External_Sensor_Operation
                0x0000000020000144        0x4 ./src/main.o
                0x0000000020000144                External_Sensor_Operation
 .bss.I2C_tx_buffer1
                0x0000000020000148        0x1 ./src/main.o
                0x0000000020000148                I2C_tx_buffer1
 *fill*         0x0000000020000149        0x3 
 .bss.event_check
                0x000000002000014c        0x4 ./src/main.o
                0x000000002000014c                event_check
 *(COMMON)
 COMMON         0x0000000020000150        0x4 ./CMSIS/EFM32LG/system_efm32lg.o
                0x0000000020000150                SystemCoreClock
 *fill*         0x0000000020000154       0xac 
 COMMON         0x0000000020000200      0xaf4 ./src/main.o
                0x0000000020000200                ADC_cb
                0x000000002000020c                I2C_Status
                0x0000000020000300                dmaControlBlock
                0x0000000020000500                led_status
                0x0000000020000504                ADC_High
                0x0000000020000508                ramBufferAdcData
                0x0000000020000cd8                ADC_Low
                0x0000000020000cdc                I2C_rx_buffer
                0x0000000020000ce8                sleep_block_counter
                0x0000000020000cf4                . = ALIGN (0x4)
                0x0000000020000cf4                __bss_end__ = .

.heap           0x0000000020000cf8      0xc00
                0x0000000020000cf8                __HeapBase = .
                0x0000000020000cf8                __end__ = .
                0x0000000020000cf8                end = __end__
                0x0000000020000cf8                _end = __end__
 *(.heap*)
 .heap          0x0000000020000cf8      0xc00 ./CMSIS/EFM32LG/startup_efm32lg.o
                0x00000000200018f8                __HeapLimit = .

.stack_dummy    0x0000000020000cf8      0x400
 *(.stack*)
 .stack         0x0000000020000cf8      0x400 ./CMSIS/EFM32LG/startup_efm32lg.o
                0x0000000020008000                __StackTop = (ORIGIN (RAM) + 0x8000)
                0x0000000020007c00                __StackLimit = (__StackTop - SIZEOF (.stack_dummy))
                0x0000000020008000                PROVIDE (__stack, __StackTop)
                0x0000000000000001                ASSERT ((__StackLimit >= __HeapLimit), region RAM overflowed with stack)
                0x0000000000000001                ASSERT ((0x40000 >= (__etext + SIZEOF (.data))), FLASH memory overflowed !)
OUTPUT(I2C.axf elf32-littlearm)

.ARM.attributes
                0x0000000000000000       0x29
 .ARM.attributes
                0x0000000000000000       0x1d /Applications/Simplicity Studio.app/Contents/Eclipse/developer/toolchains/gnu_arm/4.9_2015q3/bin/../lib/gcc/arm-none-eabi/4.9.3/armv7-m/crti.o
 .ARM.attributes
                0x000000000000001d       0x2d /Applications/Simplicity Studio.app/Contents/Eclipse/developer/toolchains/gnu_arm/4.9_2015q3/bin/../lib/gcc/arm-none-eabi/4.9.3/armv7-m/crtbegin.o
 .ARM.attributes
                0x000000000000004a       0x1b /Applications/Simplicity Studio.app/Contents/Eclipse/developer/toolchains/gnu_arm/4.9_2015q3/bin/../lib/gcc/arm-none-eabi/4.9.3/../../../../arm-none-eabi/lib/armv7-m/crt0.o
 .ARM.attributes
                0x0000000000000065       0x1b ./CMSIS/EFM32LG/startup_efm32lg.o
 .ARM.attributes
                0x0000000000000080       0x33 ./CMSIS/EFM32LG/system_efm32lg.o
 .ARM.attributes
                0x00000000000000b3       0x33 ./emlib/em_adc.o
 .ARM.attributes
                0x00000000000000e6       0x33 ./emlib/em_cmu.o
 .ARM.attributes
                0x0000000000000119       0x33 ./emlib/em_dma.o
 .ARM.attributes
                0x000000000000014c       0x33 ./emlib/em_emu.o
 .ARM.attributes
                0x000000000000017f       0x33 ./emlib/em_gpio.o
 .ARM.attributes
                0x00000000000001b2       0x33 ./emlib/em_i2c.o
 .ARM.attributes
                0x00000000000001e5       0x33 ./emlib/em_int.o
 .ARM.attributes
                0x0000000000000218       0x33 ./emlib/em_letimer.o
 .ARM.attributes
                0x000000000000024b       0x33 ./emlib/em_system.o
 .ARM.attributes
                0x000000000000027e       0x33 ./emlib/em_timer.o
 .ARM.attributes
                0x00000000000002b1       0x33 ./src/main.o
 .ARM.attributes
                0x00000000000002e4       0x1d /Applications/Simplicity Studio.app/Contents/Eclipse/developer/toolchains/gnu_arm/4.9_2015q3/bin/../lib/gcc/arm-none-eabi/4.9.3/armv7-m/libgcc.a(_arm_addsubdf3.o)
 .ARM.attributes
                0x0000000000000301       0x1d /Applications/Simplicity Studio.app/Contents/Eclipse/developer/toolchains/gnu_arm/4.9_2015q3/bin/../lib/gcc/arm-none-eabi/4.9.3/armv7-m/libgcc.a(_arm_muldivdf3.o)
 .ARM.attributes
                0x000000000000031e       0x1d /Applications/Simplicity Studio.app/Contents/Eclipse/developer/toolchains/gnu_arm/4.9_2015q3/bin/../lib/gcc/arm-none-eabi/4.9.3/armv7-m/libgcc.a(_arm_fixdfsi.o)
 .ARM.attributes
                0x000000000000033b       0x1d /Applications/Simplicity Studio.app/Contents/Eclipse/developer/toolchains/gnu_arm/4.9_2015q3/bin/../lib/gcc/arm-none-eabi/4.9.3/armv7-m/libgcc.a(_arm_addsubsf3.o)
 .ARM.attributes
                0x0000000000000358       0x1d /Applications/Simplicity Studio.app/Contents/Eclipse/developer/toolchains/gnu_arm/4.9_2015q3/bin/../lib/gcc/arm-none-eabi/4.9.3/armv7-m/libgcc.a(_arm_muldivsf3.o)
 .ARM.attributes
                0x0000000000000375       0x1d /Applications/Simplicity Studio.app/Contents/Eclipse/developer/toolchains/gnu_arm/4.9_2015q3/bin/../lib/gcc/arm-none-eabi/4.9.3/armv7-m/libgcc.a(_arm_cmpsf2.o)
 .ARM.attributes
                0x0000000000000392       0x1d /Applications/Simplicity Studio.app/Contents/Eclipse/developer/toolchains/gnu_arm/4.9_2015q3/bin/../lib/gcc/arm-none-eabi/4.9.3/armv7-m/libgcc.a(_arm_fixsfsi.o)
 .ARM.attributes
                0x00000000000003af       0x2d /Applications/Simplicity Studio.app/Contents/Eclipse/developer/toolchains/gnu_arm/4.9_2015q3/bin/../lib/gcc/arm-none-eabi/4.9.3/../../../../arm-none-eabi/lib/armv7-m/libc_nano.a(lib_a-exit.o)
 .ARM.attributes
                0x00000000000003dc       0x2d /Applications/Simplicity Studio.app/Contents/Eclipse/developer/toolchains/gnu_arm/4.9_2015q3/bin/../lib/gcc/arm-none-eabi/4.9.3/../../../../arm-none-eabi/lib/armv7-m/libc_nano.a(lib_a-impure.o)
 .ARM.attributes
                0x0000000000000409       0x2d /Applications/Simplicity Studio.app/Contents/Eclipse/developer/toolchains/gnu_arm/4.9_2015q3/bin/../lib/gcc/arm-none-eabi/4.9.3/../../../../arm-none-eabi/lib/armv7-m/libc_nano.a(lib_a-init.o)
 .ARM.attributes
                0x0000000000000436       0x2d /Applications/Simplicity Studio.app/Contents/Eclipse/developer/toolchains/gnu_arm/4.9_2015q3/bin/../lib/gcc/arm-none-eabi/4.9.3/../../../../arm-none-eabi/lib/armv7-m/libc_nano.a(lib_a-memset.o)
 .ARM.attributes
                0x0000000000000463       0x2d /Applications/Simplicity Studio.app/Contents/Eclipse/developer/toolchains/gnu_arm/4.9_2015q3/bin/../lib/gcc/arm-none-eabi/4.9.3/../../../../arm-none-eabi/lib/armv7-m/libnosys.a(_exit.o)
 .ARM.attributes
                0x0000000000000490       0x2d /Applications/Simplicity Studio.app/Contents/Eclipse/developer/toolchains/gnu_arm/4.9_2015q3/bin/../lib/gcc/arm-none-eabi/4.9.3/armv7-m/crtend.o
 .ARM.attributes
                0x00000000000004bd       0x1d /Applications/Simplicity Studio.app/Contents/Eclipse/developer/toolchains/gnu_arm/4.9_2015q3/bin/../lib/gcc/arm-none-eabi/4.9.3/armv7-m/crtn.o

.comment        0x0000000000000000       0x70
 .comment       0x0000000000000000       0x70 ./CMSIS/EFM32LG/system_efm32lg.o
                                         0x71 (size before relaxing)
 .comment       0x0000000000000000       0x71 ./emlib/em_adc.o
 .comment       0x0000000000000000       0x71 ./emlib/em_cmu.o
 .comment       0x0000000000000000       0x71 ./emlib/em_dma.o
 .comment       0x0000000000000000       0x71 ./emlib/em_emu.o
 .comment       0x0000000000000000       0x71 ./emlib/em_gpio.o
 .comment       0x0000000000000000       0x71 ./emlib/em_i2c.o
 .comment       0x0000000000000000       0x71 ./emlib/em_int.o
 .comment       0x0000000000000000       0x71 ./emlib/em_letimer.o
 .comment       0x0000000000000000       0x71 ./emlib/em_system.o
 .comment       0x0000000000000000       0x71 ./emlib/em_timer.o
 .comment       0x0000000000000000       0x71 ./src/main.o

.debug_line     0x0000000000000000     0x4008
 .debug_line    0x0000000000000000       0xd4 ./CMSIS/EFM32LG/startup_efm32lg.o
 .debug_line    0x00000000000000d4      0x3b2 ./CMSIS/EFM32LG/system_efm32lg.o
 .debug_line    0x0000000000000486      0x3d7 ./emlib/em_adc.o
 .debug_line    0x000000000000085d      0xa3b ./emlib/em_cmu.o
 .debug_line    0x0000000000001298      0x5ab ./emlib/em_dma.o
 .debug_line    0x0000000000001843      0x572 ./emlib/em_emu.o
 .debug_line    0x0000000000001db5      0x496 ./emlib/em_gpio.o
 .debug_line    0x000000000000224b      0x4a2 ./emlib/em_i2c.o
 .debug_line    0x00000000000026ed      0x1b3 ./emlib/em_int.o
 .debug_line    0x00000000000028a0      0x3cc ./emlib/em_letimer.o
 .debug_line    0x0000000000002c6c      0x2fe ./emlib/em_system.o
 .debug_line    0x0000000000002f6a      0x5ac ./emlib/em_timer.o
 .debug_line    0x0000000000003516      0xaf2 ./src/main.o

.debug_info     0x0000000000000000     0x8e78
 .debug_info    0x0000000000000000       0xf7 ./CMSIS/EFM32LG/startup_efm32lg.o
 .debug_info    0x00000000000000f7      0x57e ./CMSIS/EFM32LG/system_efm32lg.o
 .debug_info    0x0000000000000675      0xa91 ./emlib/em_adc.o
 .debug_info    0x0000000000001106     0x13bc ./emlib/em_cmu.o
 .debug_info    0x00000000000024c2     0x12e9 ./emlib/em_dma.o
 .debug_info    0x00000000000037ab      0xdac ./emlib/em_emu.o
 .debug_info    0x0000000000004557      0x65e ./emlib/em_gpio.o
 .debug_info    0x0000000000004bb5      0x86d ./emlib/em_i2c.o
 .debug_info    0x0000000000005422       0xbc ./emlib/em_int.o
 .debug_info    0x00000000000054de      0x523 ./emlib/em_letimer.o
 .debug_info    0x0000000000005a01      0x266 ./emlib/em_system.o
 .debug_info    0x0000000000005c67      0x8e3 ./emlib/em_timer.o
 .debug_info    0x000000000000654a     0x292e ./src/main.o

.debug_abbrev   0x0000000000000000     0x1753
 .debug_abbrev  0x0000000000000000       0x14 ./CMSIS/EFM32LG/startup_efm32lg.o
 .debug_abbrev  0x0000000000000014      0x16b ./CMSIS/EFM32LG/system_efm32lg.o
 .debug_abbrev  0x000000000000017f      0x1b0 ./emlib/em_adc.o
 .debug_abbrev  0x000000000000032f      0x2f8 ./emlib/em_cmu.o
 .debug_abbrev  0x0000000000000627      0x23b ./emlib/em_dma.o
 .debug_abbrev  0x0000000000000862      0x254 ./emlib/em_emu.o
 .debug_abbrev  0x0000000000000ab6      0x1cf ./emlib/em_gpio.o
 .debug_abbrev  0x0000000000000c85      0x24c ./emlib/em_i2c.o
 .debug_abbrev  0x0000000000000ed1       0x5c ./emlib/em_int.o
 .debug_abbrev  0x0000000000000f2d      0x1a3 ./emlib/em_letimer.o
 .debug_abbrev  0x00000000000010d0       0xef ./emlib/em_system.o
 .debug_abbrev  0x00000000000011bf      0x19b ./emlib/em_timer.o
 .debug_abbrev  0x000000000000135a      0x3f9 ./src/main.o

.debug_aranges  0x0000000000000000      0x6f8
 .debug_aranges
                0x0000000000000000       0x20 ./CMSIS/EFM32LG/startup_efm32lg.o
 .debug_aranges
                0x0000000000000020       0x70 ./CMSIS/EFM32LG/system_efm32lg.o
 .debug_aranges
                0x0000000000000090       0x50 ./emlib/em_adc.o
 .debug_aranges
                0x00000000000000e0      0x168 ./emlib/em_cmu.o
 .debug_aranges
                0x0000000000000248       0xc0 ./emlib/em_dma.o
 .debug_aranges
                0x0000000000000308       0xa8 ./emlib/em_emu.o
 .debug_aranges
                0x00000000000003b0       0x70 ./emlib/em_gpio.o
 .debug_aranges
                0x0000000000000420       0x60 ./emlib/em_i2c.o
 .debug_aranges
                0x0000000000000480       0x18 ./emlib/em_int.o
 .debug_aranges
                0x0000000000000498       0x58 ./emlib/em_letimer.o
 .debug_aranges
                0x00000000000004f0       0x28 ./emlib/em_system.o
 .debug_aranges
                0x0000000000000518       0x50 ./emlib/em_timer.o
 .debug_aranges
                0x0000000000000568      0x190 ./src/main.o

.debug_loc      0x0000000000000000     0x3a46
 .debug_loc     0x0000000000000000      0x31c ./CMSIS/EFM32LG/system_efm32lg.o
 .debug_loc     0x000000000000031c      0x23c ./emlib/em_adc.o
 .debug_loc     0x0000000000000558      0xd50 ./emlib/em_cmu.o
 .debug_loc     0x00000000000012a8      0x72c ./emlib/em_dma.o
 .debug_loc     0x00000000000019d4      0x5a0 ./emlib/em_emu.o
 .debug_loc     0x0000000000001f74      0x3d0 ./emlib/em_gpio.o
 .debug_loc     0x0000000000002344      0x300 ./emlib/em_i2c.o
 .debug_loc     0x0000000000002644      0x2d4 ./emlib/em_letimer.o
 .debug_loc     0x0000000000002918       0xb8 ./emlib/em_system.o
 .debug_loc     0x00000000000029d0      0x278 ./emlib/em_timer.o
 .debug_loc     0x0000000000002c48      0xdfe ./src/main.o

.debug_ranges   0x0000000000000000      0x610
 .debug_ranges  0x0000000000000000       0x60 ./CMSIS/EFM32LG/system_efm32lg.o
 .debug_ranges  0x0000000000000060       0x40 ./emlib/em_adc.o
 .debug_ranges  0x00000000000000a0      0x158 ./emlib/em_cmu.o
 .debug_ranges  0x00000000000001f8       0xb0 ./emlib/em_dma.o
 .debug_ranges  0x00000000000002a8       0x98 ./emlib/em_emu.o
 .debug_ranges  0x0000000000000340       0x60 ./emlib/em_gpio.o
 .debug_ranges  0x00000000000003a0       0x50 ./emlib/em_i2c.o
 .debug_ranges  0x00000000000003f0       0x48 ./emlib/em_letimer.o
 .debug_ranges  0x0000000000000438       0x18 ./emlib/em_system.o
 .debug_ranges  0x0000000000000450       0x40 ./emlib/em_timer.o
 .debug_ranges  0x0000000000000490      0x180 ./src/main.o

.debug_str      0x0000000000000000     0x3d27
 .debug_str     0x0000000000000000      0x443 ./CMSIS/EFM32LG/system_efm32lg.o
                                        0x4ca (size before relaxing)
 .debug_str     0x0000000000000443      0x970 ./emlib/em_adc.o
                                        0xbd4 (size before relaxing)
 .debug_str     0x0000000000000db3      0x9bb ./emlib/em_cmu.o
                                        0xfc2 (size before relaxing)
 .debug_str     0x000000000000176e      0x887 ./emlib/em_dma.o
                                        0xd7e (size before relaxing)
 .debug_str     0x0000000000001ff5      0x47f ./emlib/em_emu.o
                                        0x852 (size before relaxing)
 .debug_str     0x0000000000002474      0x3bb ./emlib/em_gpio.o
                                        0x5f5 (size before relaxing)
 .debug_str     0x000000000000282f      0x339 ./emlib/em_i2c.o
                                        0x801 (size before relaxing)
 .debug_str     0x0000000000002b68       0x1e ./emlib/em_int.o
                                        0x1f5 (size before relaxing)
 .debug_str     0x0000000000002b86      0x214 ./emlib/em_letimer.o
                                        0x441 (size before relaxing)
 .debug_str     0x0000000000002d9a       0xaa ./emlib/em_system.o
                                        0x2d1 (size before relaxing)
 .debug_str     0x0000000000002e44      0x707 ./emlib/em_timer.o
                                        0x97d (size before relaxing)
 .debug_str     0x000000000000354b      0x7dc ./src/main.o
                                       0x22a3 (size before relaxing)

.debug_frame    0x0000000000000000     0x1bd0
 .debug_frame   0x0000000000000000      0x180 ./CMSIS/EFM32LG/system_efm32lg.o
 .debug_frame   0x0000000000000180      0x110 ./emlib/em_adc.o
 .debug_frame   0x0000000000000290      0x630 ./emlib/em_cmu.o
 .debug_frame   0x00000000000008c0      0x340 ./emlib/em_dma.o
 .debug_frame   0x0000000000000c00      0x29c ./emlib/em_emu.o
 .debug_frame   0x0000000000000e9c      0x1c0 ./emlib/em_gpio.o
 .debug_frame   0x000000000000105c      0x164 ./emlib/em_i2c.o
 .debug_frame   0x00000000000011c0      0x14c ./emlib/em_letimer.o
 .debug_frame   0x000000000000130c       0x60 ./emlib/em_system.o
 .debug_frame   0x000000000000136c      0x124 ./emlib/em_timer.o
 .debug_frame   0x0000000000001490      0x6ac ./src/main.o
 .debug_frame   0x0000000000001b3c       0x28 /Applications/Simplicity Studio.app/Contents/Eclipse/developer/toolchains/gnu_arm/4.9_2015q3/bin/../lib/gcc/arm-none-eabi/4.9.3/../../../../arm-none-eabi/lib/armv7-m/libc_nano.a(lib_a-exit.o)
 .debug_frame   0x0000000000001b64       0x2c /Applications/Simplicity Studio.app/Contents/Eclipse/developer/toolchains/gnu_arm/4.9_2015q3/bin/../lib/gcc/arm-none-eabi/4.9.3/../../../../arm-none-eabi/lib/armv7-m/libc_nano.a(lib_a-init.o)
 .debug_frame   0x0000000000001b90       0x20 /Applications/Simplicity Studio.app/Contents/Eclipse/developer/toolchains/gnu_arm/4.9_2015q3/bin/../lib/gcc/arm-none-eabi/4.9.3/../../../../arm-none-eabi/lib/armv7-m/libc_nano.a(lib_a-memset.o)
 .debug_frame   0x0000000000001bb0       0x20 /Applications/Simplicity Studio.app/Contents/Eclipse/developer/toolchains/gnu_arm/4.9_2015q3/bin/../lib/gcc/arm-none-eabi/4.9.3/../../../../arm-none-eabi/lib/armv7-m/libnosys.a(_exit.o)
