Archive member included because of file (symbol)

/Applications/Simplicity Studio.app/Contents/Eclipse/developer/toolchains/gnu_arm/4.9_2015q3/bin/../lib/gcc/arm-none-eabi/4.9.3/armv7-m/libgcc.a(_arm_addsubdf3.o)
                              ./src/main.o (__aeabi_i2d)
/Applications/Simplicity Studio.app/Contents/Eclipse/developer/toolchains/gnu_arm/4.9_2015q3/bin/../lib/gcc/arm-none-eabi/4.9.3/armv7-m/libgcc.a(_arm_muldivdf3.o)
                              ./src/main.o (__aeabi_dmul)
/Applications/Simplicity Studio.app/Contents/Eclipse/developer/toolchains/gnu_arm/4.9_2015q3/bin/../lib/gcc/arm-none-eabi/4.9.3/armv7-m/libgcc.a(_arm_fixdfsi.o)
                              ./src/main.o (__aeabi_d2iz)
/Applications/Simplicity Studio.app/Contents/Eclipse/developer/toolchains/gnu_arm/4.9_2015q3/bin/../lib/gcc/arm-none-eabi/4.9.3/armv7-m/libgcc.a(_arm_addsubsf3.o)
                              ./src/main.o (__aeabi_fadd)
/Applications/Simplicity Studio.app/Contents/Eclipse/developer/toolchains/gnu_arm/4.9_2015q3/bin/../lib/gcc/arm-none-eabi/4.9.3/armv7-m/libgcc.a(_arm_muldivsf3.o)
                              ./src/main.o (__aeabi_fmul)
/Applications/Simplicity Studio.app/Contents/Eclipse/developer/toolchains/gnu_arm/4.9_2015q3/bin/../lib/gcc/arm-none-eabi/4.9.3/armv7-m/libgcc.a(_arm_fixsfsi.o)
                              ./src/main.o (__aeabi_f2iz)
/Applications/Simplicity Studio.app/Contents/Eclipse/developer/toolchains/gnu_arm/4.9_2015q3/bin/../lib/gcc/arm-none-eabi/4.9.3/armv7-m/libgcc.a(_aeabi_uldivmod.o)
                              ./emlib/em_usart.o (__aeabi_uldivmod)
/Applications/Simplicity Studio.app/Contents/Eclipse/developer/toolchains/gnu_arm/4.9_2015q3/bin/../lib/gcc/arm-none-eabi/4.9.3/armv7-m/libgcc.a(bpabi.o)
                              /Applications/Simplicity Studio.app/Contents/Eclipse/developer/toolchains/gnu_arm/4.9_2015q3/bin/../lib/gcc/arm-none-eabi/4.9.3/armv7-m/libgcc.a(_aeabi_uldivmod.o) (__gnu_uldivmod_helper)
/Applications/Simplicity Studio.app/Contents/Eclipse/developer/toolchains/gnu_arm/4.9_2015q3/bin/../lib/gcc/arm-none-eabi/4.9.3/armv7-m/libgcc.a(_dvmd_tls.o)
                              /Applications/Simplicity Studio.app/Contents/Eclipse/developer/toolchains/gnu_arm/4.9_2015q3/bin/../lib/gcc/arm-none-eabi/4.9.3/armv7-m/libgcc.a(_aeabi_uldivmod.o) (__aeabi_ldiv0)
/Applications/Simplicity Studio.app/Contents/Eclipse/developer/toolchains/gnu_arm/4.9_2015q3/bin/../lib/gcc/arm-none-eabi/4.9.3/armv7-m/libgcc.a(_divdi3.o)
                              /Applications/Simplicity Studio.app/Contents/Eclipse/developer/toolchains/gnu_arm/4.9_2015q3/bin/../lib/gcc/arm-none-eabi/4.9.3/armv7-m/libgcc.a(bpabi.o) (__divdi3)
/Applications/Simplicity Studio.app/Contents/Eclipse/developer/toolchains/gnu_arm/4.9_2015q3/bin/../lib/gcc/arm-none-eabi/4.9.3/armv7-m/libgcc.a(_udivdi3.o)
                              /Applications/Simplicity Studio.app/Contents/Eclipse/developer/toolchains/gnu_arm/4.9_2015q3/bin/../lib/gcc/arm-none-eabi/4.9.3/armv7-m/libgcc.a(bpabi.o) (__udivdi3)
/Applications/Simplicity Studio.app/Contents/Eclipse/developer/toolchains/gnu_arm/4.9_2015q3/bin/../lib/gcc/arm-none-eabi/4.9.3/../../../../arm-none-eabi/lib/armv7-m/libc_nano.a(lib_a-exit.o)
                              /Applications/Simplicity Studio.app/Contents/Eclipse/developer/toolchains/gnu_arm/4.9_2015q3/bin/../lib/gcc/arm-none-eabi/4.9.3/../../../../arm-none-eabi/lib/armv7-m/crt0.o (exit)
/Applications/Simplicity Studio.app/Contents/Eclipse/developer/toolchains/gnu_arm/4.9_2015q3/bin/../lib/gcc/arm-none-eabi/4.9.3/../../../../arm-none-eabi/lib/armv7-m/libc_nano.a(lib_a-impure.o)
                              /Applications/Simplicity Studio.app/Contents/Eclipse/developer/toolchains/gnu_arm/4.9_2015q3/bin/../lib/gcc/arm-none-eabi/4.9.3/../../../../arm-none-eabi/lib/armv7-m/libc_nano.a(lib_a-exit.o) (_global_impure_ptr)
/Applications/Simplicity Studio.app/Contents/Eclipse/developer/toolchains/gnu_arm/4.9_2015q3/bin/../lib/gcc/arm-none-eabi/4.9.3/../../../../arm-none-eabi/lib/armv7-m/libc_nano.a(lib_a-init.o)
                              /Applications/Simplicity Studio.app/Contents/Eclipse/developer/toolchains/gnu_arm/4.9_2015q3/bin/../lib/gcc/arm-none-eabi/4.9.3/../../../../arm-none-eabi/lib/armv7-m/crt0.o (__libc_init_array)
/Applications/Simplicity Studio.app/Contents/Eclipse/developer/toolchains/gnu_arm/4.9_2015q3/bin/../lib/gcc/arm-none-eabi/4.9.3/../../../../arm-none-eabi/lib/armv7-m/libc_nano.a(lib_a-memset.o)
                              /Applications/Simplicity Studio.app/Contents/Eclipse/developer/toolchains/gnu_arm/4.9_2015q3/bin/../lib/gcc/arm-none-eabi/4.9.3/../../../../arm-none-eabi/lib/armv7-m/crt0.o (memset)
/Applications/Simplicity Studio.app/Contents/Eclipse/developer/toolchains/gnu_arm/4.9_2015q3/bin/../lib/gcc/arm-none-eabi/4.9.3/../../../../arm-none-eabi/lib/armv7-m/libnosys.a(_exit.o)
[...]
Memory Configuration

Name             Origin             Length             Attributes
FLASH            0x0000000000000000 0x0000000000040000 xr
RAM              0x0000000020000000 0x0000000000008000 xrw
*default*        0x0000000000000000 0xffffffffffffffff

Linker script and memory map

LOAD /Applications/Simplicity Studio.app/Contents/Eclipse/developer/toolchains/gnu_arm/4.9_2015q3/bin/../lib/gcc/arm-none-eabi/4.9.3/armv7-m/crti.o
LOAD /Applications/Simplicity Studio.app/Contents/Eclipse/developer/toolchains/gnu_arm/4.9_2015q3/bin/../lib/gcc/arm-none-eabi/4.9.3/armv7-m/crtbegin.o
LOAD /Applications/Simplicity Studio.app/Contents/Eclipse/developer/toolchains/gnu_arm/4.9_2015q3/bin/../lib/gcc/arm-none-eabi/4.9.3/../../../../arm-none-eabi/lib/armv7-m/crt0.o
LOAD ./CMSIS/EFM32LG/startup_efm32lg.o
LOAD ./CMSIS/EFM32LG/system_efm32lg.o
LOAD ./emlib/em_acmp.o
LOAD ./emlib/em_adc.o
LOAD ./emlib/em_aes.o
LOAD ./emlib/em_assert.o
LOAD ./emlib/em_burtc.o
LOAD ./emlib/em_cmu.o
LOAD ./emlib/em_cryotimer.o
LOAD ./emlib/em_crypto.o
LOAD ./emlib/em_dac.o
LOAD ./emlib/em_dbg.o
LOAD ./emlib/em_dma.o
LOAD ./emlib/em_ebi.o
LOAD ./emlib/em_emu.o
LOAD ./emlib/em_gpcrc.o
LOAD ./emlib/em_gpio.o
LOAD ./emlib/em_i2c.o
LOAD ./emlib/em_idac.o
LOAD ./emlib/em_int.o
LOAD ./emlib/em_lcd.o
LOAD ./emlib/em_ldma.o
LOAD ./emlib/em_lesense.o
LOAD ./emlib/em_letimer.o
LOAD ./emlib/em_leuart.o
LOAD ./emlib/em_mpu.o
LOAD ./emlib/em_msc.o
LOAD ./emlib/em_opamp.o
LOAD ./emlib/em_pcnt.o
LOAD ./emlib/em_prs.o
LOAD ./emlib/em_rmu.o
LOAD ./emlib/em_rtc.o
LOAD ./emlib/em_rtcc.o
LOAD ./emlib/em_system.o
LOAD ./emlib/em_timer.o
LOAD ./emlib/em_usart.o
LOAD ./emlib/em_vcmp.o
LOAD ./emlib/em_wdog.o
LOAD ./src/main.o
START GROUP
LOAD /Applications/Simplicity Studio.app/Contents/Eclipse/developer/toolchains/gnu_arm/4.9_2015q3/bin/../lib/gcc/arm-none-eabi/4.9.3/armv7-m/libgcc.a
LOAD /Applications/Simplicity Studio.app/Contents/Eclipse/developer/toolchains/gnu_arm/4.9_2015q3/bin/../lib/gcc/arm-none-eabi/4.9.3/../../../../arm-none-eabi/lib/armv7-m/libc_nano.a
LOAD /Applications/Simplicity Studio.app/Contents/Eclipse/developer/toolchains/gnu_arm/4.9_2015q3/bin/../lib/gcc/arm-none-eabi/4.9.3/../../../../arm-none-eabi/lib/armv7-m/libnosys.a
END GROUP
START GROUP
LOAD /Applications/Simplicity Studio.app/Contents/Eclipse/developer/toolchains/gnu_arm/4.9_2015q3/bin/../lib/gcc/arm-none-eabi/4.9.3/armv7-m/libgcc.a
LOAD /Applications/Simplicity Studio.app/Contents/Eclipse/developer/toolchains/gnu_arm/4.9_2015q3/bin/../lib/gcc/arm-none-eabi/4.9.3/../../../../arm-none-eabi/lib/armv7-m/libg_nano.a
LOAD /Applications/Simplicity Studio.app/Contents/Eclipse/developer/toolchains/gnu_arm/4.9_2015q3/bin/../lib/gcc/arm-none-eabi/4.9.3/../../../../arm-none-eabi/lib/armv7-m/libc_nano.a
END GROUP
START GROUP
LOAD /Applications/Simplicity Studio.app/Contents/Eclipse/developer/toolchains/gnu_arm/4.9_2015q3/bin/../lib/gcc/arm-none-eabi/4.9.3/armv7-m/libgcc.a
LOAD /Applications/Simplicity Studio.app/Contents/Eclipse/developer/toolchains/gnu_arm/4.9_2015q3/bin/../lib/gcc/arm-none-eabi/4.9.3/../../../../arm-none-eabi/lib/armv7-m/libc_nano.a
END GROUP
LOAD /Applications/Simplicity Studio.app/Contents/Eclipse/developer/toolchains/gnu_arm/4.9_2015q3/bin/../lib/gcc/arm-none-eabi/4.9.3/armv7-m/crtend.o
LOAD /Applications/Simplicity Studio.app/Contents/Eclipse/developer/toolchains/gnu_arm/4.9_2015q3/bin/../lib/gcc/arm-none-eabi/4.9.3/armv7-m/crtn.o

.text           0x0000000000000000     0x28f8
 *(.vectors)
 .vectors       0x0000000000000000       0xe0 ./CMSIS/EFM32LG/startup_efm32lg.o
                0x0000000000000000                __Vectors
                0x00000000000000e0                __Vectors_End = .
                0x00000000000000e0                __Vectors_Size = (__Vectors_End - __Vectors)
                0x00000000000000e0                __end__ = .
 *(.text*)
 .text          0x00000000000000e0       0x5c /Applications/Simplicity Studio.app/Contents/Eclipse/developer/toolchains/gnu_arm/4.9_2015q3/bin/../lib/gcc/arm-none-eabi/4.9.3/armv7-m/crtbegin.o
 .text          0x000000000000013c       0x74 /Applications/Simplicity Studio.app/Contents/Eclipse/developer/toolchains/gnu_arm/4.9_2015q3/bin/../lib/gcc/arm-none-eabi/4.9.3/../../../../arm-none-eabi/lib/armv7-m/crt0.o
                0x000000000000013c                _mainCRTStartup
                0x000000000000013c                _start
 .text          0x00000000000001b0       0x30 ./CMSIS/EFM32LG/startup_efm32lg.o
                0x00000000000001b0                Reset_Handler
                0x00000000000001dc                DebugMon_Handler
                0x00000000000001dc                USART0_TX_IRQHandler
                0x00000000000001dc                I2C0_IRQHandler
                0x00000000000001dc                HardFault_Handler
                0x00000000000001dc                LEUART1_IRQHandler
                0x00000000000001dc                SysTick_Handler
                0x00000000000001dc                USART1_RX_IRQHandler
                0x00000000000001dc                PendSV_Handler
                0x00000000000001dc                NMI_Handler
                0x00000000000001dc                I2C1_IRQHandler
                0x00000000000001dc                TIMER3_IRQHandler
                0x00000000000001dc                USART1_TX_IRQHandler
                0x00000000000001dc                MSC_IRQHandler
                0x00000000000001dc                ADC0_IRQHandler
                0x00000000000001dc                UsageFault_Handler
                0x00000000000001dc                LEUART0_IRQHandler
                0x00000000000001dc                GPIO_EVEN_IRQHandler
                0x00000000000001dc                UART0_TX_IRQHandler
                0x00000000000001dc                UART1_TX_IRQHandler
                0x00000000000001dc                RTC_IRQHandler
                0x00000000000001dc                TIMER0_IRQHandler
                0x00000000000001dc                LCD_IRQHandler
                0x00000000000001dc                PCNT2_IRQHandler
                0x00000000000001dc                UART0_RX_IRQHandler
                0x00000000000001dc                TIMER1_IRQHandler
                0x00000000000001dc                USART2_RX_IRQHandler
                0x00000000000001dc                Default_Handler
                0x00000000000001dc                EMU_IRQHandler
                0x00000000000001dc                PCNT0_IRQHandler
                0x00000000000001dc                USB_IRQHandler
                0x00000000000001dc                BURTC_IRQHandler
                0x00000000000001dc                PCNT1_IRQHandler
                0x00000000000001dc                ACMP0_IRQHandler
                0x00000000000001dc                USART0_RX_IRQHandler
                0x00000000000001dc                MemManage_Handler
                0x00000000000001dc                SVC_Handler
                0x00000000000001dc                DAC0_IRQHandler
                0x00000000000001dc                UART1_RX_IRQHandler
                0x00000000000001dc                CMU_IRQHandler
                0x00000000000001dc                EBI_IRQHandler
                0x00000000000001dc                LESENSE_IRQHandler
                0x00000000000001dc                GPIO_ODD_IRQHandler
                0x00000000000001dc                AES_IRQHandler
                0x00000000000001dc                VCMP_IRQHandler
                0x00000000000001dc                BusFault_Handler
                0x00000000000001dc                TIMER2_IRQHandler
                0x00000000000001dc                USART2_TX_IRQHandler
 .text.SystemCoreClockGet
                0x00000000000001e0       0xdc ./CMSIS/EFM32LG/system_efm32lg.o
                0x00000000000001e0                SystemCoreClockGet
 .text.SystemMaxCoreClockGet
                0x00000000000002bc        0x8 ./CMSIS/EFM32LG/system_efm32lg.o
                0x00000000000002bc                SystemMaxCoreClockGet
 .text.SystemHFClockGet
                0x00000000000002c4       0xd0 ./CMSIS/EFM32LG/system_efm32lg.o
                0x00000000000002c4                SystemHFClockGet
 .text.SystemHFXOClockGet
                0x0000000000000394        0xc ./CMSIS/EFM32LG/system_efm32lg.o
                0x0000000000000394                SystemHFXOClockGet
 .text.SystemInit
                0x00000000000003a0        0x4 ./CMSIS/EFM32LG/system_efm32lg.o
                0x00000000000003a0                SystemInit
 .text.SystemLFRCOClockGet
                0x00000000000003a4        0x8 ./CMSIS/EFM32LG/system_efm32lg.o
                0x00000000000003a4                SystemLFRCOClockGet
 .text.SystemULFRCOClockGet
                0x00000000000003ac        0x8 ./CMSIS/EFM32LG/system_efm32lg.o
                0x00000000000003ac                SystemULFRCOClockGet
 .text.SystemLFXOClockGet
                0x00000000000003b4        0xc ./CMSIS/EFM32LG/system_efm32lg.o
                0x00000000000003b4                SystemLFXOClockGet
 .text.ACMP_Disable
                0x00000000000003c0        0xc ./emlib/em_acmp.o
                0x00000000000003c0                ACMP_Disable
 .text.ACMP_Enable
                0x00000000000003cc        0xc ./emlib/em_acmp.o
                0x00000000000003cc                ACMP_Enable
 .text.ACMP_GPIOSetup
                0x00000000000003d8       0x1c ./emlib/em_acmp.o
                0x00000000000003d8                ACMP_GPIOSetup
 .text.ACMP_ChannelSet
                0x00000000000003f4       0x10 ./emlib/em_acmp.o
                0x00000000000003f4                ACMP_ChannelSet
 .text.ACMP_Init
                0x0000000000000404       0x54 ./emlib/em_acmp.o
                0x0000000000000404                ACMP_Init
 .text.lfClkGet
                0x0000000000000458      0x14c ./emlib/em_cmu.o
 .text.CMU_ClockSelectGet
                0x00000000000005a4       0xc8 ./emlib/em_cmu.o
                0x00000000000005a4                CMU_ClockSelectGet
 .text.CMU_ClockFreqGet
                0x000000000000066c      0x210 ./emlib/em_cmu.o
                0x000000000000066c                CMU_ClockFreqGet
 .text.CMU_ClockEnable
                0x000000000000087c       0xe8 ./emlib/em_cmu.o
                0x000000000000087c                CMU_ClockEnable
 .text.CMU_ClockSelectSet
                0x0000000000000964      0x4ec ./emlib/em_cmu.o
                0x0000000000000964                CMU_ClockSelectSet
 .text.CMU_HFRCOBandSet
                0x0000000000000e50      0x1e0 ./emlib/em_cmu.o
                0x0000000000000e50                CMU_HFRCOBandSet
 .text.DMA_IRQHandler
                0x0000000000001030       0x84 ./emlib/em_dma.o
                0x0000000000001030                DMA_IRQHandler
 .text.emuRestore
                0x00000000000010b4       0x84 ./emlib/em_emu.o
 .text.EMU_EnterEM2
                0x0000000000001138       0x98 ./emlib/em_emu.o
                0x0000000000001138                EMU_EnterEM2
 .text.EMU_EnterEM3
                0x00000000000011d0       0xb8 ./emlib/em_emu.o
                0x00000000000011d0                EMU_EnterEM3
 .text.EMU_UpdateOscConfig
                0x0000000000001288       0x14 ./emlib/em_emu.o
                0x0000000000001288                EMU_UpdateOscConfig
 .text.GPIO_PinModeSet
                0x000000000000129c       0xa4 ./emlib/em_gpio.o
                0x000000000000129c                GPIO_PinModeSet
 .text.LETIMER_CompareSet
                0x0000000000001340       0x14 ./emlib/em_letimer.o
                0x0000000000001340                LETIMER_CompareSet
 .text.LETIMER_Init
                0x0000000000001354       0x78 ./emlib/em_letimer.o
                0x0000000000001354                LETIMER_Init
 .text.LETIMER_RepeatSet
                0x00000000000013cc       0x14 ./emlib/em_letimer.o
                0x00000000000013cc                LETIMER_RepeatSet
 .text.LETIMER_Reset
                0x00000000000013e0       0x28 ./emlib/em_letimer.o
                0x00000000000013e0                LETIMER_Reset
 .text.SYSTEM_ChipRevisionGet
                0x0000000000001408       0x34 ./emlib/em_system.o
                0x0000000000001408                SYSTEM_ChipRevisionGet
 .text.TIMER_Init
                0x000000000000143c       0xc0 ./emlib/em_timer.o
                0x000000000000143c                TIMER_Init
 .text.TIMER_Reset
                0x00000000000014fc       0x48 ./emlib/em_timer.o
                0x00000000000014fc                TIMER_Reset
 .text.ulfrco_calibration
                0x0000000000001544      0x230 ./src/main.o
                0x0000000000001544                ulfrco_calibration
 .text.CMU_Setup
                0x0000000000001774       0xd0 ./src/main.o
                0x0000000000001774                CMU_Setup
 *fill*         0x0000000000001844        0x4 
 .text.LETIMER_Setup
                0x0000000000001848      0x118 ./src/main.o
                0x0000000000001848                LETIMER_Setup
 .text.LETIMER0_IRQHandler
                0x0000000000001960       0xd8 ./src/main.o
                0x0000000000001960                LETIMER0_IRQHandler
 .text.ACMP_Setup
                0x0000000000001a38       0x30 ./src/main.o
                0x0000000000001a38                ACMP_Setup
 .text.GPIO_Setup
                0x0000000000001a68       0x2c ./src/main.o
                0x0000000000001a68                GPIO_Setup
 .text.startup.main
                0x0000000000001a94       0x84 ./src/main.o
                0x0000000000001a94                main
 .text          0x0000000000001b18      0x370 /Applications/Simplicity Studio.app/Contents/Eclipse/developer/toolchains/gnu_arm/4.9_2015q3/bin/../lib/gcc/arm-none-eabi/4.9.3/armv7-m/libgcc.a(_arm_addsubdf3.o)
                0x0000000000001b18                __aeabi_drsub
                0x0000000000001b20                __subdf3
                0x0000000000001b20                __aeabi_dsub
                0x0000000000001b24                __aeabi_dadd
                0x0000000000001b24                __adddf3
                0x0000000000001d9c                __aeabi_ui2d
                0x0000000000001d9c                __floatunsidf
                0x0000000000001dbc                __floatsidf
                0x0000000000001dbc                __aeabi_i2d
                0x0000000000001de0                __extendsfdf2
                0x0000000000001de0                __aeabi_f2d
                0x0000000000001e1c                __aeabi_ul2d
                0x0000000000001e1c                __floatundidf
                0x0000000000001e2c                __aeabi_l2d
                0x0000000000001e2c                __floatdidf
 .text          0x0000000000001e88      0x424 /Applications/Simplicity Studio.app/Contents/Eclipse/developer/toolchains/gnu_arm/4.9_2015q3/bin/../lib/gcc/arm-none-eabi/4.9.3/armv7-m/libgcc.a(_arm_muldivdf3.o)
                0x0000000000001e88                __aeabi_dmul
                0x0000000000001e88                __muldf3
                0x00000000000020dc                __aeabi_ddiv
                0x00000000000020dc                __divdf3
 .text          0x00000000000022ac       0x50 /Applications/Simplicity Studio.app/Contents/Eclipse/developer/toolchains/gnu_arm/4.9_2015q3/bin/../lib/gcc/arm-none-eabi/4.9.3/armv7-m/libgcc.a(_arm_fixdfsi.o)
                0x00000000000022ac                __fixdfsi
                0x00000000000022ac                __aeabi_d2iz
 .text          0x00000000000022fc      0x21c /Applications/Simplicity Studio.app/Contents/Eclipse/developer/toolchains/gnu_arm/4.9_2015q3/bin/../lib/gcc/arm-none-eabi/4.9.3/armv7-m/libgcc.a(_arm_addsubsf3.o)
                0x00000000000022fc                __aeabi_frsub
                0x0000000000002304                __aeabi_fsub
                0x0000000000002304                __subsf3
                0x0000000000002308                __aeabi_fadd
                0x0000000000002308                __addsf3
                0x0000000000002468                __aeabi_ui2f
                0x0000000000002468                __floatunsisf
                0x0000000000002470                __floatsisf
                0x0000000000002470                __aeabi_i2f
                0x000000000000248c                __aeabi_ul2f
                0x000000000000248c                __floatundisf
                0x000000000000249c                __aeabi_l2f
                0x000000000000249c                __floatdisf
 .text          0x0000000000002518      0x2a0 /Applications/Simplicity Studio.app/Contents/Eclipse/developer/toolchains/gnu_arm/4.9_2015q3/bin/../lib/gcc/arm-none-eabi/4.9.3/armv7-m/libgcc.a(_arm_muldivsf3.o)
                0x0000000000002518                __mulsf3
                0x0000000000002518                __aeabi_fmul
                0x0000000000002680                __divsf3
                0x0000000000002680                __aeabi_fdiv
 .text          0x00000000000027b8       0x4c /Applications/Simplicity Studio.app/Contents/Eclipse/developer/toolchains/gnu_arm/4.9_2015q3/bin/../lib/gcc/arm-none-eabi/4.9.3/armv7-m/libgcc.a(_arm_fixsfsi.o)
                0x00000000000027b8                __fixsfsi
                0x00000000000027b8                __aeabi_f2iz
 .text.exit     0x0000000000002804       0x28 /Applications/Simplicity Studio.app/Contents/Eclipse/developer/toolchains/gnu_arm/4.9_2015q3/bin/../lib/gcc/arm-none-eabi/4.9.3/../../../../arm-none-eabi/lib/armv7-m/libc_nano.a(lib_a-exit.o)
                0x0000000000002804                exit
 .text.__libc_init_array
                0x000000000000282c       0x4c /Applications/Simplicity Studio.app/Contents/Eclipse/developer/toolchains/gnu_arm/4.9_2015q3/bin/../lib/gcc/arm-none-eabi/4.9.3/../../../../arm-none-eabi/lib/armv7-m/libc_nano.a(lib_a-init.o)
                0x000000000000282c                __libc_init_array
 .text.memset   0x0000000000002878       0x10 /Applications/Simplicity Studio.app/Contents/Eclipse/developer/toolchains/gnu_arm/4.9_2015q3/bin/../lib/gcc/arm-none-eabi/4.9.3/../../../../arm-none-eabi/lib/armv7-m/libc_nano.a(lib_a-memset.o)
                0x0000000000002878                memset
 .text._exit    0x0000000000002888        0x4 /Applications/Simplicity Studio.app/Contents/Eclipse/developer/toolchains/gnu_arm/4.9_2015q3/bin/../lib/gcc/arm-none-eabi/4.9.3/../../../../arm-none-eabi/lib/armv7-m/libnosys.a(_exit.o)
                0x0000000000002888                _exit
 *(.init)
 .init          0x000000000000288c        0x4 /Applications/Simplicity Studio.app/Contents/Eclipse/developer/toolchains/gnu_arm/4.9_2015q3/bin/../lib/gcc/arm-none-eabi/4.9.3/armv7-m/crti.o
                0x000000000000288c                _init
 .init          0x0000000000002890        0x8 /Applications/Simplicity Studio.app/Contents/Eclipse/developer/toolchains/gnu_arm/4.9_2015q3/bin/../lib/gcc/arm-none-eabi/4.9.3/armv7-m/crtn.o
 *(.fini)
 .fini          0x0000000000002898        0x4 /Applications/Simplicity Studio.app/Contents/Eclipse/developer/toolchains/gnu_arm/4.9_2015q3/bin/../lib/gcc/arm-none-eabi/4.9.3/armv7-m/crti.o
                0x0000000000002898                _fini
 .fini          0x000000000000289c        0x8 /Applications/Simplicity Studio.app/Contents/Eclipse/developer/toolchains/gnu_arm/4.9_2015q3/bin/../lib/gcc/arm-none-eabi/4.9.3/armv7-m/crtn.o
 *crtbegin.o(.ctors)
 *crtbegin?.o(.ctors)
 *(EXCLUDE_FILE(*crtend.o *crtend?.o) .ctors)
 *(SORT(.ctors.*))
 *(.ctors)
 *crtbegin.o(.dtors)
 *crtbegin?.o(.dtors)
 *(EXCLUDE_FILE(*crtend.o *crtend?.o) .dtors)
 *(SORT(.dtors.*))
 *(.dtors)
 *(.rodata*)
 .rodata        0x00000000000028a4       0x17 ./src/main.o
 *fill*         0x00000000000028bb        0x1 
 .rodata.initACMP_off
                0x00000000000028bc       0x18 ./src/main.o
 .rodata.initACMP_on
                0x00000000000028d4       0x18 ./src/main.o
 .rodata.str1.1
                0x00000000000028ec        0x2 /Applications/Simplicity Studio.app/Contents/Eclipse/developer/toolchains/gnu_arm/4.9_2015q3/bin/../lib/gcc/arm-none-eabi/4.9.3/../../../../arm-none-eabi/lib/armv7-m/libc_nano.a(lib_a-impure.o)
 *fill*         0x00000000000028ee        0x2 
 .rodata._global_impure_ptr
                0x00000000000028f0        0x4 /Applications/Simplicity Studio.app/Contents/Eclipse/developer/toolchains/gnu_arm/4.9_2015q3/bin/../lib/gcc/arm-none-eabi/4.9.3/../../../../arm-none-eabi/lib/armv7-m/libc_nano.a(lib_a-impure.o)
                0x00000000000028f0                _global_impure_ptr
 *(.eh_frame*)
 .eh_frame      0x00000000000028f4        0x0 /Applications/Simplicity Studio.app/Contents/Eclipse/developer/toolchains/gnu_arm/4.9_2015q3/bin/../lib/gcc/arm-none-eabi/4.9.3/armv7-m/crtbegin.o
 .eh_frame      0x00000000000028f4        0x4 /Applications/Simplicity Studio.app/Contents/Eclipse/developer/toolchains/gnu_arm/4.9_2015q3/bin/../lib/gcc/arm-none-eabi/4.9.3/armv7-m/crtend.o

.glue_7         0x00000000000028f8        0x0
 .glue_7        0x0000000000000000        0x0 linker stubs

.glue_7t        0x00000000000028f8        0x0
 .glue_7t       0x0000000000000000        0x0 linker stubs

.vfp11_veneer   0x00000000000028f8        0x0
 .vfp11_veneer  0x0000000000000000        0x0 linker stubs

.v4_bx          0x00000000000028f8        0x0
 .v4_bx         0x0000000000000000        0x0 linker stubs

.iplt           0x00000000000028f8        0x0
 .iplt          0x0000000000000000        0x0 /Applications/Simplicity Studio.app/Contents/Eclipse/developer/toolchains/gnu_arm/4.9_2015q3/bin/../lib/gcc/arm-none-eabi/4.9.3/armv7-m/crtbegin.o

.ARM.extab
 *(.ARM.extab* .gnu.linkonce.armextab.*)
                0x00000000000028f8                __exidx_start = .

.ARM.exidx      0x00000000000028f8        0x8
 *(.ARM.exidx* .gnu.linkonce.armexidx.*)
 .ARM.exidx     0x00000000000028f8        0x8 /Applications/Simplicity Studio.app/Contents/Eclipse/developer/toolchains/gnu_arm/4.9_2015q3/bin/../lib/gcc/arm-none-eabi/4.9.3/../../../../arm-none-eabi/lib/armv7-m/crt0.o
                0x0000000000002900                __exidx_end = .
                0x0000000000002900                __etext = .

.rel.dyn        0x0000000000002900        0x0
 .rel.iplt      0x0000000000000000        0x0 /Applications/Simplicity Studio.app/Contents/Eclipse/developer/toolchains/gnu_arm/4.9_2015q3/bin/../lib/gcc/arm-none-eabi/4.9.3/armv7-m/crtbegin.o

.data           0x0000000020000000       0x7c load address 0x0000000000002900
                0x0000000020000000                __data_start__ = .
 *(vtable)
 *(.data*)
 .data.SystemLFXOClock
                0x0000000020000000        0x4 ./CMSIS/EFM32LG/system_efm32lg.o
 .data.SystemHFXOClock
                0x0000000020000004        0x4 ./CMSIS/EFM32LG/system_efm32lg.o
 .data.CAL      0x0000000020000008        0x4 ./src/main.o
                0x0000000020000008                CAL
 .data.EM_State
                0x000000002000000c        0x1 ./src/main.o
                0x000000002000000c                EM_State
 *fill*         0x000000002000000d        0x3 
 .data.impure_data
                0x0000000020000010       0x60 /Applications/Simplicity Studio.app/Contents/Eclipse/developer/toolchains/gnu_arm/4.9_2015q3/bin/../lib/gcc/arm-none-eabi/4.9.3/../../../../arm-none-eabi/lib/armv7-m/libc_nano.a(lib_a-impure.o)
                0x0000000020000070                . = ALIGN (0x4)
 *(.ram)
                0x0000000020000070                . = ALIGN (0x4)
                0x0000000020000070                PROVIDE (__preinit_array_start, .)
 *(.preinit_array)
                0x0000000020000070                PROVIDE (__preinit_array_end, .)
                0x0000000020000070                . = ALIGN (0x4)
                0x0000000020000070                PROVIDE (__init_array_start, .)
 *(SORT(.init_array.*))
 *(.init_array)
 .init_array    0x0000000020000070        0x4 /Applications/Simplicity Studio.app/Contents/Eclipse/developer/toolchains/gnu_arm/4.9_2015q3/bin/../lib/gcc/arm-none-eabi/4.9.3/armv7-m/crtbegin.o
                0x0000000020000074                PROVIDE (__init_array_end, .)
                0x0000000020000074                . = ALIGN (0x4)
                0x0000000020000074                PROVIDE (__fini_array_start, .)
 *(SORT(.fini_array.*))
 *(.fini_array)
 .fini_array    0x0000000020000074        0x4 /Applications/Simplicity Studio.app/Contents/Eclipse/developer/toolchains/gnu_arm/4.9_2015q3/bin/../lib/gcc/arm-none-eabi/4.9.3/armv7-m/crtbegin.o
                0x0000000020000078                PROVIDE (__fini_array_end, .)
 *(.jcr*)
 .jcr           0x0000000020000078        0x0 /Applications/Simplicity Studio.app/Contents/Eclipse/developer/toolchains/gnu_arm/4.9_2015q3/bin/../lib/gcc/arm-none-eabi/4.9.3/armv7-m/crtbegin.o
 .jcr           0x0000000020000078        0x4 /Applications/Simplicity Studio.app/Contents/Eclipse/developer/toolchains/gnu_arm/4.9_2015q3/bin/../lib/gcc/arm-none-eabi/4.9.3/armv7-m/crtend.o
                0x000000002000007c                . = ALIGN (0x4)
                0x000000002000007c                __data_end__ = .

.igot.plt       0x000000002000007c        0x0 load address 0x000000000000297c
 .igot.plt      0x0000000000000000        0x0 /Applications/Simplicity Studio.app/Contents/Eclipse/developer/toolchains/gnu_arm/4.9_2015q3/bin/../lib/gcc/arm-none-eabi/4.9.3/armv7-m/crtbegin.o

.bss            0x000000002000007c       0x44 load address 0x000000000000297c
                0x000000002000007c                . = ALIGN (0x4)
                0x000000002000007c                __bss_start__ = .
 *(.bss*)
 .bss           0x000000002000007c       0x1c /Applications/Simplicity Studio.app/Contents/Eclipse/developer/toolchains/gnu_arm/4.9_2015q3/bin/../lib/gcc/arm-none-eabi/4.9.3/armv7-m/crtbegin.o
 .bss.cmuStatus
                0x0000000020000098        0x4 ./emlib/em_emu.o
 .bss.INT_LockCnt
                0x000000002000009c        0x4 ./emlib/em_int.o
                0x000000002000009c                INT_LockCnt
 .bss.ULFRCO_CAL
                0x00000000200000a0        0x4 ./src/main.o
                0x00000000200000a0                ULFRCO_CAL
 .bss.LED       0x00000000200000a4        0x4 ./src/main.o
                0x00000000200000a4                LED
 .bss.prescaler
                0x00000000200000a8        0x4 ./src/main.o
                0x00000000200000a8                prescaler
 *(COMMON)
 COMMON         0x00000000200000ac        0x4 ./CMSIS/EFM32LG/system_efm32lg.o
                0x00000000200000ac                SystemCoreClock
 COMMON         0x00000000200000b0       0x10 ./src/main.o
                0x00000000200000b0                sleep_block_counter
                0x00000000200000c0                . = ALIGN (0x4)
                0x00000000200000c0                __bss_end__ = .

.heap           0x00000000200000c0      0xc00
                0x00000000200000c0                __HeapBase = .
                0x00000000200000c0                __end__ = .
                0x00000000200000c0                end = __end__
                0x00000000200000c0                _end = __end__
 *(.heap*)
 .heap          0x00000000200000c0      0xc00 ./CMSIS/EFM32LG/startup_efm32lg.o
                0x0000000020000cc0                __HeapLimit = .

.stack_dummy    0x00000000200000c0      0x400
 *(.stack*)
 .stack         0x00000000200000c0      0x400 ./CMSIS/EFM32LG/startup_efm32lg.o
                0x0000000020008000                __StackTop = (ORIGIN (RAM) + 0x8000)
                0x0000000020007c00                __StackLimit = (__StackTop - SIZEOF (.stack_dummy))
                0x0000000020008000                PROVIDE (__stack, __StackTop)
                0x0000000000000001                ASSERT ((__StackLimit >= __HeapLimit), region RAM overflowed with stack)
                0x0000000000000001                ASSERT ((0x40000 >= (__etext + SIZEOF (.data))), FLASH memory overflowed !)
OUTPUT(ADC_DMA.axf elf32-littlearm)

.ARM.attributes
                0x0000000000000000       0x29
 .ARM.attributes
                0x0000000000000000       0x1d /Applications/Simplicity Studio.app/Contents/Eclipse/developer/toolchains/gnu_arm/4.9_2015q3/bin/../lib/gcc/arm-none-eabi/4.9.3/armv7-m/crti.o
 .ARM.attributes
                0x000000000000001d       0x2d /Applications/Simplicity Studio.app/Contents/Eclipse/developer/toolchains/gnu_arm/4.9_2015q3/bin/../lib/gcc/arm-none-eabi/4.9.3/armv7-m/crtbegin.o
 .ARM.attributes
                0x000000000000004a       0x1b /Applications/Simplicity Studio.app/Contents/Eclipse/developer/toolchains/gnu_arm/4.9_2015q3/bin/../lib/gcc/arm-none-eabi/4.9.3/../../../../arm-none-eabi/lib/armv7-m/crt0.o
 .ARM.attributes
                0x0000000000000065       0x1b ./CMSIS/EFM32LG/startup_efm32lg.o
 .ARM.attributes
                0x0000000000000080       0x33 ./CMSIS/EFM32LG/system_efm32lg.o
 .ARM.attributes
                0x00000000000000b3       0x33 ./emlib/em_acmp.o
 .ARM.attributes
                0x00000000000000e6       0x33 ./emlib/em_cmu.o
 .ARM.attributes
                0x0000000000000119       0x33 ./emlib/em_dma.o
 .ARM.attributes
                0x000000000000014c       0x33 ./emlib/em_emu.o
 .ARM.attributes
                0x000000000000017f       0x33 ./emlib/em_gpio.o
 .ARM.attributes
                0x00000000000001b2       0x33 ./emlib/em_int.o
 .ARM.attributes
                0x00000000000001e5       0x33 ./emlib/em_letimer.o
 .ARM.attributes
                0x0000000000000218       0x33 ./emlib/em_system.o
 .ARM.attributes
                0x000000000000024b       0x33 ./emlib/em_timer.o
 .ARM.attributes
                0x000000000000027e       0x33 ./src/main.o
 .ARM.attributes
                0x00000000000002b1       0x1d /Applications/Simplicity Studio.app/Contents/Eclipse/developer/toolchains/gnu_arm/4.9_2015q3/bin/../lib/gcc/arm-none-eabi/4.9.3/armv7-m/libgcc.a(_arm_addsubdf3.o)
 .ARM.attributes
                0x00000000000002ce       0x1d /Applications/Simplicity Studio.app/Contents/Eclipse/developer/toolchains/gnu_arm/4.9_2015q3/bin/../lib/gcc/arm-none-eabi/4.9.3/armv7-m/libgcc.a(_arm_muldivdf3.o)
 .ARM.attributes
                0x00000000000002eb       0x1d /Applications/Simplicity Studio.app/Contents/Eclipse/developer/toolchains/gnu_arm/4.9_2015q3/bin/../lib/gcc/arm-none-eabi/4.9.3/armv7-m/libgcc.a(_arm_fixdfsi.o)
 .ARM.attributes
                0x0000000000000308       0x1d /Applications/Simplicity Studio.app/Contents/Eclipse/developer/toolchains/gnu_arm/4.9_2015q3/bin/../lib/gcc/arm-none-eabi/4.9.3/armv7-m/libgcc.a(_arm_addsubsf3.o)
 .ARM.attributes
                0x0000000000000325       0x1d /Applications/Simplicity Studio.app/Contents/Eclipse/developer/toolchains/gnu_arm/4.9_2015q3/bin/../lib/gcc/arm-none-eabi/4.9.3/armv7-m/libgcc.a(_arm_muldivsf3.o)
 .ARM.attributes
                0x0000000000000342       0x1d /Applications/Simplicity Studio.app/Contents/Eclipse/developer/toolchains/gnu_arm/4.9_2015q3/bin/../lib/gcc/arm-none-eabi/4.9.3/armv7-m/libgcc.a(_arm_fixsfsi.o)
 .ARM.attributes
                0x000000000000035f       0x2d /Applications/Simplicity Studio.app/Contents/Eclipse/developer/toolchains/gnu_arm/4.9_2015q3/bin/../lib/gcc/arm-none-eabi/4.9.3/../../../../arm-none-eabi/lib/armv7-m/libc_nano.a(lib_a-exit.o)
 .ARM.attributes
                0x000000000000038c       0x2d /Applications/Simplicity Studio.app/Contents/Eclipse/developer/toolchains/gnu_arm/4.9_2015q3/bin/../lib/gcc/arm-none-eabi/4.9.3/../../../../arm-none-eabi/lib/armv7-m/libc_nano.a(lib_a-impure.o)
 .ARM.attributes
                0x00000000000003b9       0x2d /Applications/Simplicity Studio.app/Contents/Eclipse/developer/toolchains/gnu_arm/4.9_2015q3/bin/../lib/gcc/arm-none-eabi/4.9.3/../../../../arm-none-eabi/lib/armv7-m/libc_nano.a(lib_a-init.o)
 .ARM.attributes
                0x00000000000003e6       0x2d /Applications/Simplicity Studio.app/Contents/Eclipse/developer/toolchains/gnu_arm/4.9_2015q3/bin/../lib/gcc/arm-none-eabi/4.9.3/../../../../arm-none-eabi/lib/armv7-m/libc_nano.a(lib_a-memset.o)
 .ARM.attributes
                0x0000000000000413       0x2d /Applications/Simplicity Studio.app/Contents/Eclipse/developer/toolchains/gnu_arm/4.9_2015q3/bin/../lib/gcc/arm-none-eabi/4.9.3/../../../../arm-none-eabi/lib/armv7-m/libnosys.a(_exit.o)
 .ARM.attributes
                0x0000000000000440       0x2d /Applications/Simplicity Studio.app/Contents/Eclipse/developer/toolchains/gnu_arm/4.9_2015q3/bin/../lib/gcc/arm-none-eabi/4.9.3/armv7-m/crtend.o
 .ARM.attributes
                0x000000000000046d       0x1d /Applications/Simplicity Studio.app/Contents/Eclipse/developer/toolchains/gnu_arm/4.9_2015q3/bin/../lib/gcc/arm-none-eabi/4.9.3/armv7-m/crtn.o

.comment        0x0000000000000000       0x70
 .comment       0x0000000000000000       0x70 ./CMSIS/EFM32LG/system_efm32lg.o
                                         0x71 (size before relaxing)
 .comment       0x0000000000000000       0x71 ./emlib/em_acmp.o
 .comment       0x0000000000000000       0x71 ./emlib/em_cmu.o
 .comment       0x0000000000000000       0x71 ./emlib/em_dma.o
 .comment       0x0000000000000000       0x71 ./emlib/em_emu.o
 .comment       0x0000000000000000       0x71 ./emlib/em_gpio.o
 .comment       0x0000000000000000       0x71 ./emlib/em_int.o
 .comment       0x0000000000000000       0x71 ./emlib/em_letimer.o
 .comment       0x0000000000000000       0x71 ./emlib/em_system.o
 .comment       0x0000000000000000       0x71 ./emlib/em_timer.o
 .comment       0x0000000000000000       0x71 ./src/main.o

.debug_line     0x0000000000000000     0x3c99
 .debug_line    0x0000000000000000       0xd4 ./CMSIS/EFM32LG/startup_efm32lg.o
 .debug_line    0x00000000000000d4      0x4ad ./CMSIS/EFM32LG/system_efm32lg.o
 .debug_line    0x0000000000000581      0x3ed ./emlib/em_acmp.o
 .debug_line    0x000000000000096e      0xe6c ./emlib/em_cmu.o
 .debug_line    0x00000000000017da      0x6a2 ./emlib/em_dma.o
 .debug_line    0x0000000000001e7c      0x5bd ./emlib/em_emu.o
 .debug_line    0x0000000000002439      0x405 ./emlib/em_gpio.o
 .debug_line    0x000000000000283e      0x1b3 ./emlib/em_int.o
 .debug_line    0x00000000000029f1      0x3c9 ./emlib/em_letimer.o
 .debug_line    0x0000000000002dba      0x305 ./emlib/em_system.o
 .debug_line    0x00000000000030bf      0x409 ./emlib/em_timer.o
 .debug_line    0x00000000000034c8      0x7d1 ./src/main.o

.debug_info     0x0000000000000000     0x9fcc
 .debug_info    0x0000000000000000       0xfd ./CMSIS/EFM32LG/startup_efm32lg.o
 .debug_info    0x00000000000000fd      0x6a9 ./CMSIS/EFM32LG/system_efm32lg.o
 .debug_info    0x00000000000007a6      0x6fc ./emlib/em_acmp.o
 .debug_info    0x0000000000000ea2     0x2ad3 ./emlib/em_cmu.o
 .debug_info    0x0000000000003975     0x168a ./emlib/em_dma.o
 .debug_info    0x0000000000004fff      0xebf ./emlib/em_emu.o
 .debug_info    0x0000000000005ebe      0x7ca ./emlib/em_gpio.o
 .debug_info    0x0000000000006688       0xbc ./emlib/em_int.o
 .debug_info    0x0000000000006744      0x591 ./emlib/em_letimer.o
 .debug_info    0x0000000000006cd5      0x267 ./emlib/em_system.o
 .debug_info    0x0000000000006f3c      0x92d ./emlib/em_timer.o
 .debug_info    0x0000000000007869     0x2763 ./src/main.o

.debug_abbrev   0x0000000000000000     0x1bfa
 .debug_abbrev  0x0000000000000000       0x14 ./CMSIS/EFM32LG/startup_efm32lg.o
 .debug_abbrev  0x0000000000000014      0x1b3 ./CMSIS/EFM32LG/system_efm32lg.o
 .debug_abbrev  0x00000000000001c7      0x269 ./emlib/em_acmp.o
 .debug_abbrev  0x0000000000000430      0x455 ./emlib/em_cmu.o
 .debug_abbrev  0x0000000000000885      0x34b ./emlib/em_dma.o
 .debug_abbrev  0x0000000000000bd0      0x32c ./emlib/em_emu.o
 .debug_abbrev  0x0000000000000efc      0x2b7 ./emlib/em_gpio.o
 .debug_abbrev  0x00000000000011b3       0x5c ./emlib/em_int.o
 .debug_abbrev  0x000000000000120f      0x23c ./emlib/em_letimer.o
 .debug_abbrev  0x000000000000144b       0xef ./emlib/em_system.o
 .debug_abbrev  0x000000000000153a      0x1cc ./emlib/em_timer.o
 .debug_abbrev  0x0000000000001706      0x4f4 ./src/main.o

.debug_aranges  0x0000000000000000      0x468
 .debug_aranges
                0x0000000000000000       0x20 ./CMSIS/EFM32LG/startup_efm32lg.o
 .debug_aranges
                0x0000000000000020       0x68 ./CMSIS/EFM32LG/system_efm32lg.o
 .debug_aranges
                0x0000000000000088       0x58 ./emlib/em_acmp.o
 .debug_aranges
                0x00000000000000e0       0xe8 ./emlib/em_cmu.o
 .debug_aranges
                0x00000000000001c8       0x98 ./emlib/em_dma.o
 .debug_aranges
                0x0000000000000260       0x70 ./emlib/em_emu.o
 .debug_aranges
                0x00000000000002d0       0x48 ./emlib/em_gpio.o
 .debug_aranges
                0x0000000000000318       0x18 ./emlib/em_int.o
 .debug_aranges
                0x0000000000000330       0x58 ./emlib/em_letimer.o
 .debug_aranges
                0x0000000000000388       0x28 ./emlib/em_system.o
 .debug_aranges
                0x00000000000003b0       0x38 ./emlib/em_timer.o
 .debug_aranges
                0x00000000000003e8       0x80 ./src/main.o

.debug_loc      0x0000000000000000     0x5e98
 .debug_loc     0x0000000000000000      0x36a ./CMSIS/EFM32LG/system_efm32lg.o
 .debug_loc     0x000000000000036a      0x21f ./emlib/em_acmp.o
 .debug_loc     0x0000000000000589     0x3303 ./emlib/em_cmu.o
 .debug_loc     0x000000000000388c     0x12ab ./emlib/em_dma.o
 .debug_loc     0x0000000000004b37      0x4cc ./emlib/em_emu.o
 .debug_loc     0x0000000000005003      0x533 ./emlib/em_gpio.o
 .debug_loc     0x0000000000005536      0x2b6 ./emlib/em_letimer.o
 .debug_loc     0x00000000000057ec       0xa5 ./emlib/em_system.o
 .debug_loc     0x0000000000005891      0x154 ./emlib/em_timer.o
 .debug_loc     0x00000000000059e5      0x4b3 ./src/main.o

.debug_ranges   0x0000000000000000     0x1470
 .debug_ranges  0x0000000000000000      0x190 ./CMSIS/EFM32LG/system_efm32lg.o
 .debug_ranges  0x0000000000000190       0x98 ./emlib/em_acmp.o
 .debug_ranges  0x0000000000000228      0xac0 ./emlib/em_cmu.o
 .debug_ranges  0x0000000000000ce8      0x1b0 ./emlib/em_dma.o
 .debug_ranges  0x0000000000000e98      0x180 ./emlib/em_emu.o
 .debug_ranges  0x0000000000001018       0xd0 ./emlib/em_gpio.o
 .debug_ranges  0x00000000000010e8       0x68 ./emlib/em_letimer.o
 .debug_ranges  0x0000000000001150       0x18 ./emlib/em_system.o
 .debug_ranges  0x0000000000001168       0x58 ./emlib/em_timer.o
 .debug_ranges  0x00000000000011c0      0x2b0 ./src/main.o

.debug_str      0x0000000000000000     0x31b6
 .debug_str     0x0000000000000000      0x424 ./CMSIS/EFM32LG/system_efm32lg.o
                                        0x4ab (size before relaxing)
 .debug_str     0x0000000000000424      0x4b0 ./emlib/em_acmp.o
                                        0x639 (size before relaxing)
 .debug_str     0x00000000000008d4      0xbf2 ./emlib/em_cmu.o
                                       0x1046 (size before relaxing)
 .debug_str     0x00000000000014c6      0x87f ./emlib/em_dma.o
                                        0xd87 (size before relaxing)
 .debug_str     0x0000000000001d45      0x462 ./emlib/em_emu.o
                                        0x84c (size before relaxing)
 .debug_str     0x00000000000021a7      0x3b2 ./emlib/em_gpio.o
                                        0x5dc (size before relaxing)
 .debug_str     0x0000000000002559       0x1e ./emlib/em_int.o
                                        0x1dc (size before relaxing)
 .debug_str     0x0000000000002577      0x214 ./emlib/em_letimer.o
                                        0x428 (size before relaxing)
 .debug_str     0x000000000000278b       0xaa ./emlib/em_system.o
                                        0x2b8 (size before relaxing)
 .debug_str     0x0000000000002835      0x71d ./emlib/em_timer.o
                                        0x964 (size before relaxing)
 .debug_str     0x0000000000002f52      0x264 ./src/main.o
                                       0x16f6 (size before relaxing)

.debug_frame    0x0000000000000000      0xb40
 .debug_frame   0x0000000000000000       0xb0 ./CMSIS/EFM32LG/system_efm32lg.o
 .debug_frame   0x00000000000000b0       0xc8 ./emlib/em_acmp.o
 .debug_frame   0x0000000000000178      0x284 ./emlib/em_cmu.o
 .debug_frame   0x00000000000003fc      0x1f4 ./emlib/em_dma.o
 .debug_frame   0x00000000000005f0      0x134 ./emlib/em_emu.o
 .debug_frame   0x0000000000000724       0x9c ./emlib/em_gpio.o
 .debug_frame   0x00000000000007c0       0xac ./emlib/em_letimer.o
 .debug_frame   0x000000000000086c       0x30 ./emlib/em_system.o
 .debug_frame   0x000000000000089c       0x9c ./emlib/em_timer.o
 .debug_frame   0x0000000000000938      0x174 ./src/main.o
 .debug_frame   0x0000000000000aac       0x28 /Applications/Simplicity Studio.app/Contents/Eclipse/developer/toolchains/gnu_arm/4.9_2015q3/bin/../lib/gcc/arm-none-eabi/4.9.3/../../../../arm-none-eabi/lib/armv7-m/libc_nano.a(lib_a-exit.o)
 .debug_frame   0x0000000000000ad4       0x2c /Applications/Simplicity Studio.app/Contents/Eclipse/developer/toolchains/gnu_arm/4.9_2015q3/bin/../lib/gcc/arm-none-eabi/4.9.3/../../../../arm-none-eabi/lib/armv7-m/libc_nano.a(lib_a-init.o)
 .debug_frame   0x0000000000000b00       0x20 /Applications/Simplicity Studio.app/Contents/Eclipse/developer/toolchains/gnu_arm/4.9_2015q3/bin/../lib/gcc/arm-none-eabi/4.9.3/../../../../arm-none-eabi/lib/armv7-m/libc_nano.a(lib_a-memset.o)
 .debug_frame   0x0000000000000b20       0x20 /Applications/Simplicity Studio.app/Contents/Eclipse/developer/toolchains/gnu_arm/4.9_2015q3/bin/../lib/gcc/arm-none-eabi/4.9.3/../../../../arm-none-eabi/lib/armv7-m/libnosys.a(_exit.o)
